reg__113: ahb3lite_sram1rw, 
reg__815: ahb3lite_sram1rw, 
reg__683: ahb3lite_sram1rw, 
logic__1788: ahb3lite_sram1rw, 
logic__424: ahb3lite_sram1rw, 
logic__1692: ahb3lite_sram1rw, 
logic__1090: ahb3lite_sram1rw, 
logic__1329: ahb3lite_sram1rw, 
logic__33: Zybo_Z7_top__GC0, 
logic__503: ahb3lite_sram1rw, 
muxpart__3: Zybo_Z7_top__GC0, 
case__28: Zybo_Z7_top__GC0, 
logic__777: ahb3lite_sram1rw, 
logic__1568: ahb3lite_sram1rw, 
reg__565: ahb3lite_sram1rw, 
reg__115: ahb3lite_sram1rw, 
muxpart__46: Zybo_Z7_top__GC0, 
logic__1342: ahb3lite_sram1rw, 
reg__188: ahb3lite_sram1rw, 
reg__1083: Zybo_Z7_top__GC0, 
logic__293: Zybo_Z7_top__GC0, 
logic__1390: ahb3lite_sram1rw, 
logic__483: ahb3lite_sram1rw, 
d_ff_rst_t: Zybo_Z7_top__GC0, 
logic__496: ahb3lite_sram1rw, 
logic__1468: ahb3lite_sram1rw, 
logic__352: ahb3lite_sram1rw, 
logic__1630: ahb3lite_sram1rw, 
muxpart__168: ahb3lite_sram1rw, 
logic__1790: ahb3lite_sram1rw, 
logic__611: ahb3lite_sram1rw, 
logic__1545: ahb3lite_sram1rw, 
reg__511: ahb3lite_sram1rw, 
logic__1662: ahb3lite_sram1rw, 
reg__24: Zybo_Z7_top__GC0, 
reg__317: ahb3lite_sram1rw, 
reg__619: ahb3lite_sram1rw, 
ecen5593_startercode_ca_core_ex_memory_t: Zybo_Z7_top__GC0, 
case__43: Zybo_Z7_top__GC0, 
case__30: Zybo_Z7_top__GC0, 
logic__1245: ahb3lite_sram1rw, 
logic__1275: ahb3lite_sram1rw, 
reg__869: ahb3lite_sram1rw, 
logic__1177: ahb3lite_sram1rw, 
muxpart__193: ahb3lite_sram1rw, 
logic__617: ahb3lite_sram1rw, 
reg__133: ahb3lite_sram1rw, 
reg__1011: ahb3lite_sram1rw, 
muxpart__288: ahb3lite_sram1rw, 
logic__1506: ahb3lite_sram1rw, 
logic__747: ahb3lite_sram1rw, 
logic__1732: ahb3lite_sram1rw, 
logic__1502: ahb3lite_sram1rw, 
logic__428: ahb3lite_sram1rw, 
reg__537: ahb3lite_sram1rw, 
reg__347: ahb3lite_sram1rw, 
reg__1049: ahb3lite_sram1rw, 
reg__1032: ahb3lite_sram1rw, 
logic__252: Zybo_Z7_top__GC0, 
reg__853: ahb3lite_sram1rw, 
reg__864: ahb3lite_sram1rw, 
ecen5593_startercode_ca_core_rf_xpr_t: Zybo_Z7_top__GC0, 
logic__1236: ahb3lite_sram1rw, 
reg__127: ahb3lite_sram1rw, 
logic__807: ahb3lite_sram1rw, 
case__125: ahb3lite_sram1rw, 
muxpart__188: ahb3lite_sram1rw, 
logic__280: Zybo_Z7_top__GC0, 
logic__1518: ahb3lite_sram1rw, 
reg__146: ahb3lite_sram1rw, 
logic__1029: ahb3lite_sram1rw, 
reg__928: ahb3lite_sram1rw, 
logic__1624: ahb3lite_sram1rw, 
logic__1803: ahb3lite_sram1rw, 
logic__1842: ahb3lite_sram1rw, 
reg__224: ahb3lite_sram1rw, 
reg__312: ahb3lite_sram1rw, 
logic__600: ahb3lite_sram1rw, 
logic__73: Zybo_Z7_top__GC0, 
reg__718: ahb3lite_sram1rw, 
logic__519: ahb3lite_sram1rw, 
reg__817: ahb3lite_sram1rw, 
reg__794: ahb3lite_sram1rw, 
logic__821: ahb3lite_sram1rw, 
muxpart__266: ahb3lite_sram1rw, 
logic__439: ahb3lite_sram1rw, 
case__76: Zybo_Z7_top__GC0, 
logic__351: ahb3lite_sram1rw, 
datapath__18: Zybo_Z7_top__GC0, 
logic__1281: ahb3lite_sram1rw, 
reg__150: ahb3lite_sram1rw, 
reg__532: ahb3lite_sram1rw, 
logic__1537: ahb3lite_sram1rw, 
logic__582: ahb3lite_sram1rw, 
logic__610: ahb3lite_sram1rw, 
rl_ram_1r1w: ahb3lite_sram1rw, 
logic__1363: ahb3lite_sram1rw, 
reg__814: ahb3lite_sram1rw, 
logic__1845: ahb3lite_sram1rw, 
logic__825: ahb3lite_sram1rw, 
muxpart__52: ahb3lite_sram1rw, 
logic__1087: ahb3lite_sram1rw, 
reg__500: ahb3lite_sram1rw, 
logic__281: Zybo_Z7_top__GC0, 
logic__567: ahb3lite_sram1rw, 
logic__1470: ahb3lite_sram1rw, 
reg__424: ahb3lite_sram1rw, 
logic__1222: ahb3lite_sram1rw, 
case__22: Zybo_Z7_top__GC0, 
reg__918: ahb3lite_sram1rw, 
logic__615: ahb3lite_sram1rw, 
reg__292: ahb3lite_sram1rw, 
reg__1075: ahb3lite_sram1rw, 
ecen5593_startercode_ca_core_main_t: Zybo_Z7_top__GC0, 
reg__319: ahb3lite_sram1rw, 
logic__214: Zybo_Z7_top__GC0, 
reg__236: ahb3lite_sram1rw, 
case__52: Zybo_Z7_top__GC0, 
ecen5593_startercode_ca_top: Zybo_Z7_top__GC0, 
logic__980: ahb3lite_sram1rw, 
reg__667: ahb3lite_sram1rw, 
muxpart__149: ahb3lite_sram1rw, 
reg__288: ahb3lite_sram1rw, 
case__154: Zybo_Z7_top__GC0, 
case__122: ahb3lite_sram1rw, 
logic__1348: ahb3lite_sram1rw, 
reg__52: ahb3lite_sram1rw, 
reg__250: ahb3lite_sram1rw, 
logic__290: Zybo_Z7_top__GC0, 
reg__80: ahb3lite_sram1rw, 
case__62: Zybo_Z7_top__GC0, 
logic__855: ahb3lite_sram1rw, 
reg__585: ahb3lite_sram1rw, 
logic__445: ahb3lite_sram1rw, 
muxpart__160: ahb3lite_sram1rw, 
muxpart__77: ahb3lite_sram1rw, 
case__42: Zybo_Z7_top__GC0, 
logic__1569: ahb3lite_sram1rw, 
reg__431: ahb3lite_sram1rw, 
logic__863: ahb3lite_sram1rw, 
reg__439: ahb3lite_sram1rw, 
datapath__11: Zybo_Z7_top__GC0, 
reg__389: ahb3lite_sram1rw, 
reg__206: ahb3lite_sram1rw, 
muxpart__148: ahb3lite_sram1rw, 
muxpart__109: ahb3lite_sram1rw, 
logic__943: ahb3lite_sram1rw, 
logic__1808: ahb3lite_sram1rw, 
case__16: Zybo_Z7_top__GC0, 
logic__438: ahb3lite_sram1rw, 
logic__801: ahb3lite_sram1rw, 
reg__833: ahb3lite_sram1rw, 
reg__874: ahb3lite_sram1rw, 
logic__1620: ahb3lite_sram1rw, 
reg__1022: ahb3lite_sram1rw, 
muxpart__187: ahb3lite_sram1rw, 
muxpart__264: ahb3lite_sram1rw, 
logic__15: Zybo_Z7_top__GC0, 
muxpart__31: Zybo_Z7_top__GC0, 
logic__797: ahb3lite_sram1rw, 
muxpart__202: ahb3lite_sram1rw, 
reg__1087: Zybo_Z7_top__GC0, 
logic__46: Zybo_Z7_top__GC0, 
logic__833: ahb3lite_sram1rw, 
reg__803: ahb3lite_sram1rw, 
datapath__12: Zybo_Z7_top__GC0, 
muxpart__189: ahb3lite_sram1rw, 
reg__225: ahb3lite_sram1rw, 
muxpart__10: Zybo_Z7_top__GC0, 
logic__1424: ahb3lite_sram1rw, 
muxpart__21: Zybo_Z7_top__GC0, 
reg__515: ahb3lite_sram1rw, 
logic__1437: ahb3lite_sram1rw, 
logic__1889: ahb3lite_sram1rw, 
logic__198: Zybo_Z7_top__GC0, 
muxpart__228: ahb3lite_sram1rw, 
muxpart__194: ahb3lite_sram1rw, 
logic__1113: ahb3lite_sram1rw, 
reg__538: ahb3lite_sram1rw, 
logic__1723: ahb3lite_sram1rw, 
logic__223: Zybo_Z7_top__GC0, 
reg__725: ahb3lite_sram1rw, 
logic__721: ahb3lite_sram1rw, 
logic__1012: ahb3lite_sram1rw, 
logic__1652: ahb3lite_sram1rw, 
logic__1406: ahb3lite_sram1rw, 
logic__1916: Zybo_Z7_top__GC0, 
logic__719: ahb3lite_sram1rw, 
logic__908: ahb3lite_sram1rw, 
logic__979: ahb3lite_sram1rw, 
case__155: Zybo_Z7_top__GC0, 
case__23: Zybo_Z7_top__GC0, 
reg__574: ahb3lite_sram1rw, 
reg__265: ahb3lite_sram1rw, 
logic__1865: ahb3lite_sram1rw, 
muxpart__276: ahb3lite_sram1rw, 
reg__418: ahb3lite_sram1rw, 
logic__1561: ahb3lite_sram1rw, 
ecen5593_startercode_ca_core_pipe_t: Zybo_Z7_top__GC0, 
muxpart__119: ahb3lite_sram1rw, 
reg__1037: ahb3lite_sram1rw, 
logic__186: Zybo_Z7_top__GC0, 
logic__1849: ahb3lite_sram1rw, 
reg__612: ahb3lite_sram1rw, 
muxpart__88: ahb3lite_sram1rw, 
logic__1423: ahb3lite_sram1rw, 
logic__1244: ahb3lite_sram1rw, 
muxpart__50: ahb3lite_sram1rw, 
logic__1382: ahb3lite_sram1rw, 
reg__478: ahb3lite_sram1rw, 
logic__1416: ahb3lite_sram1rw, 
reg__7: Zybo_Z7_top__GC0, 
logic__1022: ahb3lite_sram1rw, 
logic__121: Zybo_Z7_top__GC0, 
logic__1159: ahb3lite_sram1rw, 
reg__329: ahb3lite_sram1rw, 
reg__512: ahb3lite_sram1rw, 
logic__800: ahb3lite_sram1rw, 
logic__1772: ahb3lite_sram1rw, 
reg__1054: ahb3lite_sram1rw, 
logic__1372: ahb3lite_sram1rw, 
reg__837: ahb3lite_sram1rw, 
reg__709: ahb3lite_sram1rw, 
logic__1387: ahb3lite_sram1rw, 
reg__641: ahb3lite_sram1rw, 
logic__1426: ahb3lite_sram1rw, 
logic__1552: ahb3lite_sram1rw, 
logic__1017: ahb3lite_sram1rw, 
reg__28: Zybo_Z7_top__GC0, 
logic__892: ahb3lite_sram1rw, 
muxpart__177: ahb3lite_sram1rw, 
case__59: Zybo_Z7_top__GC0, 
logic__662: ahb3lite_sram1rw, 
logic__626: ahb3lite_sram1rw, 
reg__965: ahb3lite_sram1rw, 
reg__72: ahb3lite_sram1rw, 
logic__1818: ahb3lite_sram1rw, 
logic__829: ahb3lite_sram1rw, 
logic__1417: ahb3lite_sram1rw, 
reg__597: ahb3lite_sram1rw, 
reg__96: ahb3lite_sram1rw, 
logic__1666: ahb3lite_sram1rw, 
logic__1340: ahb3lite_sram1rw, 
reg__513: ahb3lite_sram1rw, 
logic__982: ahb3lite_sram1rw, 
reg__121: ahb3lite_sram1rw, 
logic__37: Zybo_Z7_top__GC0, 
reg__668: ahb3lite_sram1rw, 
reg__89: ahb3lite_sram1rw, 
reg__111: ahb3lite_sram1rw, 
logic__1278: ahb3lite_sram1rw, 
reg__69: ahb3lite_sram1rw, 
reg__556: ahb3lite_sram1rw, 
logic__1485: ahb3lite_sram1rw, 
logic__1186: ahb3lite_sram1rw, 
reg__372: ahb3lite_sram1rw, 
reg__721: ahb3lite_sram1rw, 
muxpart__260: ahb3lite_sram1rw, 
logic__1875: ahb3lite_sram1rw, 
reg__638: ahb3lite_sram1rw, 
logic__1016: ahb3lite_sram1rw, 
logic__938: ahb3lite_sram1rw, 
datapath__6: Zybo_Z7_top__GC0, 
reg__313: ahb3lite_sram1rw, 
logic__1744: ahb3lite_sram1rw, 
reg__868: ahb3lite_sram1rw, 
muxpart__141: ahb3lite_sram1rw, 
reg__1024: ahb3lite_sram1rw, 
reg__984: ahb3lite_sram1rw, 
logic__1218: ahb3lite_sram1rw, 
muxpart__100: ahb3lite_sram1rw, 
logic__1104: ahb3lite_sram1rw, 
reg__622: ahb3lite_sram1rw, 
reg__841: ahb3lite_sram1rw, 
reg__680: ahb3lite_sram1rw, 
muxpart__299: ahb3lite_sram1rw, 
logic__635: ahb3lite_sram1rw, 
logic__1538: ahb3lite_sram1rw, 
logic__1621: ahb3lite_sram1rw, 
logic__1061: ahb3lite_sram1rw, 
logic__368: ahb3lite_sram1rw, 
logic__1596: ahb3lite_sram1rw, 
muxpart__143: ahb3lite_sram1rw, 
logic__1429: ahb3lite_sram1rw, 
logic__240: Zybo_Z7_top__GC0, 
logic__250: Zybo_Z7_top__GC0, 
logic__473: ahb3lite_sram1rw, 
logic__949: ahb3lite_sram1rw, 
logic__917: ahb3lite_sram1rw, 
muxpart__278: ahb3lite_sram1rw, 
logic__1007: ahb3lite_sram1rw, 
logic__557: ahb3lite_sram1rw, 
logic__865: ahb3lite_sram1rw, 
reg__522: ahb3lite_sram1rw, 
logic__928: ahb3lite_sram1rw, 
logic__947: ahb3lite_sram1rw, 
logic__1754: ahb3lite_sram1rw, 
logic__1357: ahb3lite_sram1rw, 
logic__914: ahb3lite_sram1rw, 
logic__467: ahb3lite_sram1rw, 
logic__521: ahb3lite_sram1rw, 
logic__1492: ahb3lite_sram1rw, 
reg__616: ahb3lite_sram1rw, 
reg__749: ahb3lite_sram1rw, 
reg__587: ahb3lite_sram1rw, 
logic__838: ahb3lite_sram1rw, 
logic__624: ahb3lite_sram1rw, 
logic__1011: ahb3lite_sram1rw, 
reg__1080: Zybo_Z7_top__GC0, 
case__27: Zybo_Z7_top__GC0, 
reg__792: ahb3lite_sram1rw, 
logic__533: ahb3lite_sram1rw, 
reg__723: ahb3lite_sram1rw, 
logic__1443: ahb3lite_sram1rw, 
logic__336: ahb3lite_sram1rw, 
reg__1031: ahb3lite_sram1rw, 
logic__887: ahb3lite_sram1rw, 
logic__1249: ahb3lite_sram1rw, 
logic__489: ahb3lite_sram1rw, 
logic__1462: ahb3lite_sram1rw, 
logic__1701: ahb3lite_sram1rw, 
reg__44: ahb3lite_sram1rw, 
reg__468: ahb3lite_sram1rw, 
reg__383: ahb3lite_sram1rw, 
reg__1036: ahb3lite_sram1rw, 
logic__74: Zybo_Z7_top__GC0, 
logic__1047: ahb3lite_sram1rw, 
logic__455: ahb3lite_sram1rw, 
reg__84: ahb3lite_sram1rw, 
reg__963: ahb3lite_sram1rw, 
ecen5593_startercode_ca_ldst_t: Zybo_Z7_top__GC0, 
reg__1079: Zybo_Z7_top__GC0, 
reg__357: ahb3lite_sram1rw, 
logic__694: ahb3lite_sram1rw, 
reg__628: ahb3lite_sram1rw, 
logic__584: ahb3lite_sram1rw, 
logic__612: ahb3lite_sram1rw, 
logic__992: ahb3lite_sram1rw, 
logic__772: ahb3lite_sram1rw, 
reg__42: Zybo_Z7_top__GC0, 
reg__961: ahb3lite_sram1rw, 
logic__714: ahb3lite_sram1rw, 
logic__1575: ahb3lite_sram1rw, 
logic__988: ahb3lite_sram1rw, 
muxpart__122: ahb3lite_sram1rw, 
case__61: Zybo_Z7_top__GC0, 
logic__321: Zybo_Z7_top__GC0, 
reg__736: ahb3lite_sram1rw, 
logic__591: ahb3lite_sram1rw, 
reg__248: ahb3lite_sram1rw, 
muxpart__90: ahb3lite_sram1rw, 
muxpart__163: ahb3lite_sram1rw, 
logic__1752: ahb3lite_sram1rw, 
reg__636: ahb3lite_sram1rw, 
logic__975: ahb3lite_sram1rw, 
logic__271: Zybo_Z7_top__GC0, 
muxpart__69: ahb3lite_sram1rw, 
muxpart__19: Zybo_Z7_top__GC0, 
logic__1579: ahb3lite_sram1rw, 
logic__1539: ahb3lite_sram1rw, 
logic__415: ahb3lite_sram1rw, 
logic__1749: ahb3lite_sram1rw, 
muxpart__159: ahb3lite_sram1rw, 
datapath__26: Zybo_Z7_top__GC0, 
case__40: Zybo_Z7_top__GC0, 
case__118: ahb3lite_sram1rw, 
reg__626: ahb3lite_sram1rw, 
muxpart__162: ahb3lite_sram1rw, 
muxpart__219: ahb3lite_sram1rw, 
counter: Zybo_Z7_top__GC0, 
reg__323: ahb3lite_sram1rw, 
reg__555: ahb3lite_sram1rw, 
logic__1257: ahb3lite_sram1rw, 
logic__502: ahb3lite_sram1rw, 
logic__767: ahb3lite_sram1rw, 
logic__24: Zybo_Z7_top__GC0, 
reg__226: ahb3lite_sram1rw, 
logic__874: ahb3lite_sram1rw, 
logic__1411: ahb3lite_sram1rw, 
muxpart__180: ahb3lite_sram1rw, 
reg__100: ahb3lite_sram1rw, 
reg__843: ahb3lite_sram1rw, 
muxpart__229: ahb3lite_sram1rw, 
reg__566: ahb3lite_sram1rw, 
reg__1063: ahb3lite_sram1rw, 
logic__1024: ahb3lite_sram1rw, 
muxpart__243: ahb3lite_sram1rw, 
logic__889: ahb3lite_sram1rw, 
reg__644: ahb3lite_sram1rw, 
reg__744: ahb3lite_sram1rw, 
logic__935: ahb3lite_sram1rw, 
reg__143: ahb3lite_sram1rw, 
muxpart__235: ahb3lite_sram1rw, 
reg__1016: ahb3lite_sram1rw, 
logic__414: ahb3lite_sram1rw, 
reg__563: ahb3lite_sram1rw, 
reg__970: ahb3lite_sram1rw, 
logic__646: ahb3lite_sram1rw, 
reg__854: ahb3lite_sram1rw, 
reg__530: ahb3lite_sram1rw, 
reg__103: ahb3lite_sram1rw, 
reg__610: ahb3lite_sram1rw, 
logic__868: ahb3lite_sram1rw, 
logic__261: Zybo_Z7_top__GC0, 
logic__1360: ahb3lite_sram1rw, 
reg__572: ahb3lite_sram1rw, 
logic__501: ahb3lite_sram1rw, 
reg__118: ahb3lite_sram1rw, 
logic__977: ahb3lite_sram1rw, 
logic__1410: ahb3lite_sram1rw, 
logic__604: ahb3lite_sram1rw, 
reg__787: ahb3lite_sram1rw, 
reg__231: ahb3lite_sram1rw, 
reg__331: ahb3lite_sram1rw, 
reg__451: ahb3lite_sram1rw, 
reg__875: ahb3lite_sram1rw, 
reg__514: ahb3lite_sram1rw, 
reg__689: ahb3lite_sram1rw, 
reg__684: ahb3lite_sram1rw, 
reg__211: ahb3lite_sram1rw, 
logic__1323: ahb3lite_sram1rw, 
reg__20: Zybo_Z7_top__GC0, 
muxpart__164: ahb3lite_sram1rw, 
logic__676: ahb3lite_sram1rw, 
datapath__24: Zybo_Z7_top__GC0, 
reg__45: ahb3lite_sram1rw, 
logic__919: ahb3lite_sram1rw, 
logic__1362: ahb3lite_sram1rw, 
reg__157: ahb3lite_sram1rw, 
logic__545: ahb3lite_sram1rw, 
logic__581: ahb3lite_sram1rw, 
muxpart__306: ahb3lite_sram1rw, 
logic__349: ahb3lite_sram1rw, 
logic__365: ahb3lite_sram1rw, 
logic__1544: ahb3lite_sram1rw, 
reg__36: Zybo_Z7_top__GC0, 
reg__857: ahb3lite_sram1rw, 
reg__746: ahb3lite_sram1rw, 
logic__469: ahb3lite_sram1rw, 
reg__682: ahb3lite_sram1rw, 
reg__728: ahb3lite_sram1rw, 
logic__1212: ahb3lite_sram1rw, 
logic__1726: ahb3lite_sram1rw, 
logic__1961: Zybo_Z7_top__GC0, 
case__64: Zybo_Z7_top__GC0, 
logic__343: ahb3lite_sram1rw, 
reg__364: ahb3lite_sram1rw, 
reg__890: ahb3lite_sram1rw, 
logic__1497: ahb3lite_sram1rw, 
logic__1402: ahb3lite_sram1rw, 
reg__818: ahb3lite_sram1rw, 
reg__834: ahb3lite_sram1rw, 
logic__1219: ahb3lite_sram1rw, 
reg__808: ahb3lite_sram1rw, 
logic__820: ahb3lite_sram1rw, 
reg__1005: ahb3lite_sram1rw, 
logic__1393: ahb3lite_sram1rw, 
reg__962: ahb3lite_sram1rw, 
logic__1455: ahb3lite_sram1rw, 
reg__449: ahb3lite_sram1rw, 
logic__1000: ahb3lite_sram1rw, 
logic__1280: ahb3lite_sram1rw, 
logic__1180: ahb3lite_sram1rw, 
logic__448: ahb3lite_sram1rw, 
reg__279: ahb3lite_sram1rw, 
logic__729: ahb3lite_sram1rw, 
case__47: Zybo_Z7_top__GC0, 
reg__493: ahb3lite_sram1rw, 
logic__1510: ahb3lite_sram1rw, 
logic__1593: ahb3lite_sram1rw, 
reg__1051: ahb3lite_sram1rw, 
reg__15: Zybo_Z7_top__GC0, 
muxpart__218: ahb3lite_sram1rw, 
reg__659: ahb3lite_sram1rw, 
logic__1592: ahb3lite_sram1rw, 
logic__660: ahb3lite_sram1rw, 
logic__850: ahb3lite_sram1rw, 
logic__538: ahb3lite_sram1rw, 
muxpart__44: Zybo_Z7_top__GC0, 
reg__41: Zybo_Z7_top__GC0, 
logic__1242: ahb3lite_sram1rw, 
case__33: Zybo_Z7_top__GC0, 
logic__1740: ahb3lite_sram1rw, 
reg__22: Zybo_Z7_top__GC0, 
case__9: Zybo_Z7_top__GC0, 
reg__760: ahb3lite_sram1rw, 
logic__220: Zybo_Z7_top__GC0, 
logic__1515: ahb3lite_sram1rw, 
reg__476: ahb3lite_sram1rw, 
logic__657: ahb3lite_sram1rw, 
logic__787: ahb3lite_sram1rw, 
reg__137: ahb3lite_sram1rw, 
logic__492: ahb3lite_sram1rw, 
reg__738: ahb3lite_sram1rw, 
reg__173: ahb3lite_sram1rw, 
logic__718: ahb3lite_sram1rw, 
logic__1279: ahb3lite_sram1rw, 
logic__672: ahb3lite_sram1rw, 
reg__406: ahb3lite_sram1rw, 
logic__409: ahb3lite_sram1rw, 
case__147: Zybo_Z7_top__GC0, 
logic__815: ahb3lite_sram1rw, 
reg__441: ahb3lite_sram1rw, 
case__58: Zybo_Z7_top__GC0, 
logic__985: ahb3lite_sram1rw, 
logic__522: ahb3lite_sram1rw, 
logic__1028: ahb3lite_sram1rw, 
logic__576: ahb3lite_sram1rw, 
logic__1870: ahb3lite_sram1rw, 
logic__830: ahb3lite_sram1rw, 
reg__889: ahb3lite_sram1rw, 
logic__1567: ahb3lite_sram1rw, 
reg__497: ahb3lite_sram1rw, 
reg__428: ahb3lite_sram1rw, 
logic__168: Zybo_Z7_top__GC0, 
muxpart__267: ahb3lite_sram1rw, 
reg__759: ahb3lite_sram1rw, 
logic__1388: ahb3lite_sram1rw, 
logic__1065: ahb3lite_sram1rw, 
logic__633: ahb3lite_sram1rw, 
logic__1238: ahb3lite_sram1rw, 
logic__1514: ahb3lite_sram1rw, 
reg__675: ahb3lite_sram1rw, 
reg__217: ahb3lite_sram1rw, 
logic__1838: ahb3lite_sram1rw, 
muxpart__101: ahb3lite_sram1rw, 
logic__1560: ahb3lite_sram1rw, 
muxpart__175: ahb3lite_sram1rw, 
logic__1646: ahb3lite_sram1rw, 
logic__844: ahb3lite_sram1rw, 
logic__1085: ahb3lite_sram1rw, 
reg__632: ahb3lite_sram1rw, 
reg__239: ahb3lite_sram1rw, 
reg__545: ahb3lite_sram1rw, 
logic__540: ahb3lite_sram1rw, 
logic__1860: ahb3lite_sram1rw, 
logic__873: ahb3lite_sram1rw, 
reg__222: ahb3lite_sram1rw, 
case__34: Zybo_Z7_top__GC0, 
ahb3lite_sram1rw: ahb3lite_sram1rw, 
reg__534: ahb3lite_sram1rw, 
logic__430: ahb3lite_sram1rw, 
reg__83: ahb3lite_sram1rw, 
logic__1608: ahb3lite_sram1rw, 
reg__409: ahb3lite_sram1rw, 
logic__450: ahb3lite_sram1rw, 
muxpart__114: ahb3lite_sram1rw, 
logic__413: ahb3lite_sram1rw, 
reg__456: ahb3lite_sram1rw, 
logic__1266: ahb3lite_sram1rw, 
logic__335: ahb3lite_sram1rw, 
reg__86: ahb3lite_sram1rw, 
muxpart__147: ahb3lite_sram1rw, 
reg__921: ahb3lite_sram1rw, 
logic__580: ahb3lite_sram1rw, 
reg__1008: ahb3lite_sram1rw, 
reg__307: ahb3lite_sram1rw, 
logic__752: ahb3lite_sram1rw, 
logic__1135: ahb3lite_sram1rw, 
logic__578: ahb3lite_sram1rw, 
reg__590: ahb3lite_sram1rw, 
logic__1345: ahb3lite_sram1rw, 
logic__1580: ahb3lite_sram1rw, 
reg__681: ahb3lite_sram1rw, 
reg__403: ahb3lite_sram1rw, 
logic__1140: ahb3lite_sram1rw, 
reg__859: ahb3lite_sram1rw, 
logic__1243: ahb3lite_sram1rw, 
ecen5593_startercode_ca: Zybo_Z7_top__GC0, 
reg__990: ahb3lite_sram1rw, 
logic__678: ahb3lite_sram1rw, 
reg__78: ahb3lite_sram1rw, 
logic__848: ahb3lite_sram1rw, 
logic__789: ahb3lite_sram1rw, 
reg__848: ahb3lite_sram1rw, 
logic__1807: ahb3lite_sram1rw, 
muxpart__93: ahb3lite_sram1rw, 
logic__215: Zybo_Z7_top__GC0, 
logic__1738: ahb3lite_sram1rw, 
logic__1297: ahb3lite_sram1rw, 
logic__324: Zybo_Z7_top__GC0, 
logic__971: ahb3lite_sram1rw, 
logic__1334: ahb3lite_sram1rw, 
logic__1100: ahb3lite_sram1rw, 
reg__812: ahb3lite_sram1rw, 
logic__699: ahb3lite_sram1rw, 
reg__64: ahb3lite_sram1rw, 
logic__1370: ahb3lite_sram1rw, 
logic__487: ahb3lite_sram1rw, 
logic__499: ahb3lite_sram1rw, 
reg__618: ahb3lite_sram1rw, 
logic__1699: ahb3lite_sram1rw, 
muxpart__270: ahb3lite_sram1rw, 
muxpart__220: ahb3lite_sram1rw, 
muxpart__213: ahb3lite_sram1rw, 
logic__764: ahb3lite_sram1rw, 
reg__179: ahb3lite_sram1rw, 
logic__453: ahb3lite_sram1rw, 
logic__191: Zybo_Z7_top__GC0, 
datapath__25: Zybo_Z7_top__GC0, 
reg__178: ahb3lite_sram1rw, 
muxpart__191: ahb3lite_sram1rw, 
reg__710: ahb3lite_sram1rw, 
logic__65: Zybo_Z7_top__GC0, 
reg__620: ahb3lite_sram1rw, 
logic__36: Zybo_Z7_top__GC0, 
reg__393: ahb3lite_sram1rw, 
reg__586: ahb3lite_sram1rw, 
reg__774: ahb3lite_sram1rw, 
reg__901: ahb3lite_sram1rw, 
muxpart__56: ahb3lite_sram1rw, 
logic__959: ahb3lite_sram1rw, 
reg__1030: ahb3lite_sram1rw, 
logic__1303: ahb3lite_sram1rw, 
reg__936: ahb3lite_sram1rw, 
reg__505: ahb3lite_sram1rw, 
muxpart__211: ahb3lite_sram1rw, 
reg__860: ahb3lite_sram1rw, 
reg__160: ahb3lite_sram1rw, 
muxpart__4: Zybo_Z7_top__GC0, 
reg__212: ahb3lite_sram1rw, 
muxpart__161: ahb3lite_sram1rw, 
logic__224: Zybo_Z7_top__GC0, 
logic__1270: ahb3lite_sram1rw, 
reg__197: ahb3lite_sram1rw, 
logic__847: ahb3lite_sram1rw, 
reg__923: ahb3lite_sram1rw, 
logic__1760: ahb3lite_sram1rw, 
muxpart__27: Zybo_Z7_top__GC0, 
logic__532: ahb3lite_sram1rw, 
logic__1173: ahb3lite_sram1rw, 
reg__264: ahb3lite_sram1rw, 
logic__1717: ahb3lite_sram1rw, 
logic__1318: ahb3lite_sram1rw, 
reg__50: ahb3lite_sram1rw, 
logic__1328: ahb3lite_sram1rw, 
logic__1768: ahb3lite_sram1rw, 
muxpart__238: ahb3lite_sram1rw, 
logic__1305: ahb3lite_sram1rw, 
logic__400: ahb3lite_sram1rw, 
logic__1025: ahb3lite_sram1rw, 
logic__1358: ahb3lite_sram1rw, 
reg__637: ahb3lite_sram1rw, 
reg__607: ahb3lite_sram1rw, 
logic__1509: ahb3lite_sram1rw, 
reg__161: ahb3lite_sram1rw, 
reg__3: Zybo_Z7_top__GC0, 
reg__519: ahb3lite_sram1rw, 
logic__1354: ahb3lite_sram1rw, 
logic__586: ahb3lite_sram1rw, 
logic__1341: ahb3lite_sram1rw, 
case__10: Zybo_Z7_top__GC0, 
reg__1043: ahb3lite_sram1rw, 
logic__1138: ahb3lite_sram1rw, 
case__127: Zybo_Z7_top__GC0, 
logic__329: Zybo_Z7_top__GC0, 
reg__369: ahb3lite_sram1rw, 
case: Zybo_Z7_top__GC0, 
logic__745: ahb3lite_sram1rw, 
reg__302: ahb3lite_sram1rw, 
logic__1152: ahb3lite_sram1rw, 
muxpart__103: ahb3lite_sram1rw, 
logic__1442: ahb3lite_sram1rw, 
muxpart__212: ahb3lite_sram1rw, 
reg__346: ahb3lite_sram1rw, 
logic__1172: ahb3lite_sram1rw, 
muxpart__236: ahb3lite_sram1rw, 
logic__784: ahb3lite_sram1rw, 
reg__535: ahb3lite_sram1rw, 
logic__288: Zybo_Z7_top__GC0, 
reg__640: ahb3lite_sram1rw, 
reg__735: ahb3lite_sram1rw, 
reg__578: ahb3lite_sram1rw, 
reg__73: ahb3lite_sram1rw, 
reg__810: ahb3lite_sram1rw, 
muxpart__107: ahb3lite_sram1rw, 
muxpart__304: ahb3lite_sram1rw, 
reg__67: ahb3lite_sram1rw, 
reg__568: ahb3lite_sram1rw, 
muxpart__233: ahb3lite_sram1rw, 
logic__1154: ahb3lite_sram1rw, 
reg__230: ahb3lite_sram1rw, 
reg__649: ahb3lite_sram1rw, 
reg__419: ahb3lite_sram1rw, 
logic__1707: ahb3lite_sram1rw, 
logic__823: ahb3lite_sram1rw, 
logic__1102: ahb3lite_sram1rw, 
reg__1041: ahb3lite_sram1rw, 
logic__1309: ahb3lite_sram1rw, 
logic__1648: ahb3lite_sram1rw, 
reg__308: ahb3lite_sram1rw, 
logic__712: ahb3lite_sram1rw, 
logic__1866: ahb3lite_sram1rw, 
reg__1039: ahb3lite_sram1rw, 
muxpart__157: ahb3lite_sram1rw, 
reg__1047: ahb3lite_sram1rw, 
reg__1057: ahb3lite_sram1rw, 
reg__729: ahb3lite_sram1rw, 
reg__782: ahb3lite_sram1rw, 
logic__88: Zybo_Z7_top__GC0, 
reg__974: ahb3lite_sram1rw, 
reg__182: ahb3lite_sram1rw, 
reg__461: ahb3lite_sram1rw, 
reg__390: ahb3lite_sram1rw, 
logic__1687: ahb3lite_sram1rw, 
reg__141: ahb3lite_sram1rw, 
logic__1096: ahb3lite_sram1rw, 
muxpart__146: ahb3lite_sram1rw, 
reg__896: ahb3lite_sram1rw, 
logic__44: Zybo_Z7_top__GC0, 
reg__132: ahb3lite_sram1rw, 
case__20: Zybo_Z7_top__GC0, 
logic__1920: Zybo_Z7_top__GC0, 
muxpart__203: ahb3lite_sram1rw, 
reg__895: ahb3lite_sram1rw, 
reg__106: ahb3lite_sram1rw, 
reg__220: ahb3lite_sram1rw, 
logic__1299: ahb3lite_sram1rw, 
reg__139: ahb3lite_sram1rw, 
reg__483: ahb3lite_sram1rw, 
logic__1282: ahb3lite_sram1rw, 
reg__839: ahb3lite_sram1rw, 
logic__1678: ahb3lite_sram1rw, 
logic__383: ahb3lite_sram1rw, 
reg__847: ahb3lite_sram1rw, 
logic__731: ahb3lite_sram1rw, 
reg__806: ahb3lite_sram1rw, 
logic__1430: ahb3lite_sram1rw, 
logic__962: ahb3lite_sram1rw, 
reg__765: ahb3lite_sram1rw, 
logic__569: ahb3lite_sram1rw, 
reg__258: ahb3lite_sram1rw, 
muxpart__214: ahb3lite_sram1rw, 
reg__562: ahb3lite_sram1rw, 
muxpart__263: ahb3lite_sram1rw, 
logic__543: ahb3lite_sram1rw, 
logic__1069: ahb3lite_sram1rw, 
logic__524: ahb3lite_sram1rw, 
reg__117: ahb3lite_sram1rw, 
reg__333: ahb3lite_sram1rw, 
logic__1369: ahb3lite_sram1rw, 
logic__1150: ahb3lite_sram1rw, 
logic__1419: ahb3lite_sram1rw, 
logic__406: ahb3lite_sram1rw, 
logic__1848: ahb3lite_sram1rw, 
logic__275: Zybo_Z7_top__GC0, 
logic__485: ahb3lite_sram1rw, 
logic__1765: ahb3lite_sram1rw, 
reg__588: ahb3lite_sram1rw, 
case__120: ahb3lite_sram1rw, 
reg__284: ahb3lite_sram1rw, 
logic__230: Zybo_Z7_top__GC0, 
reg__802: ahb3lite_sram1rw, 
muxpart__262: ahb3lite_sram1rw, 
reg__356: ahb3lite_sram1rw, 
logic__1431: ahb3lite_sram1rw, 
reg__1077: Zybo_Z7_top__GC0, 
logic__1128: ahb3lite_sram1rw, 
reg__951: ahb3lite_sram1rw, 
logic__315: Zybo_Z7_top__GC0, 
reg__764: ahb3lite_sram1rw, 
logic__29: Zybo_Z7_top__GC0, 
logic__1306: ahb3lite_sram1rw, 
muxpart__246: ahb3lite_sram1rw, 
reg__546: ahb3lite_sram1rw, 
reg__886: ahb3lite_sram1rw, 
logic__1304: ahb3lite_sram1rw, 
reg__341: ahb3lite_sram1rw, 
logic__781: ahb3lite_sram1rw, 
reg__1025: ahb3lite_sram1rw, 
logic__1302: ahb3lite_sram1rw, 
muxpart__249: ahb3lite_sram1rw, 
logic__1871: ahb3lite_sram1rw, 
logic__498: ahb3lite_sram1rw, 
logic__509: ahb3lite_sram1rw, 
logic__1435: ahb3lite_sram1rw, 
logic__537: ahb3lite_sram1rw, 
reg__363: ahb3lite_sram1rw, 
logic__83: Zybo_Z7_top__GC0, 
logic__839: ahb3lite_sram1rw, 
reg__849: ahb3lite_sram1rw, 
logic__973: ahb3lite_sram1rw, 
logic__1564: ahb3lite_sram1rw, 
logic__907: ahb3lite_sram1rw, 
logic__1586: ahb3lite_sram1rw, 
logic__1629: ahb3lite_sram1rw, 
reg__995: ahb3lite_sram1rw, 
reg__318: ahb3lite_sram1rw, 
muxpart__205: ahb3lite_sram1rw, 
logic__32: Zybo_Z7_top__GC0, 
reg__29: Zybo_Z7_top__GC0, 
reg__661: ahb3lite_sram1rw, 
muxpart__280: ahb3lite_sram1rw, 
logic__1672: ahb3lite_sram1rw, 
reg__344: ahb3lite_sram1rw, 
reg__674: ahb3lite_sram1rw, 
logic__796: ahb3lite_sram1rw, 
logic__236: Zybo_Z7_top__GC0, 
logic__883: ahb3lite_sram1rw, 
reg__351: ahb3lite_sram1rw, 
reg__986: ahb3lite_sram1rw, 
reg__1085: Zybo_Z7_top__GC0, 
muxpart__268: ahb3lite_sram1rw, 
reg__520: ahb3lite_sram1rw, 
reg__828: ahb3lite_sram1rw, 
logic__1273: ahb3lite_sram1rw, 
logic__1095: ahb3lite_sram1rw, 
logic__1711: ahb3lite_sram1rw, 
reg__917: ahb3lite_sram1rw, 
logic__1093: ahb3lite_sram1rw, 
reg__437: ahb3lite_sram1rw, 
reg__705: ahb3lite_sram1rw, 
logic__922: ahb3lite_sram1rw, 
logic__1269: ahb3lite_sram1rw, 
logic__1146: ahb3lite_sram1rw, 
reg__621: ahb3lite_sram1rw, 
reg__112: ahb3lite_sram1rw, 
logic__1501: ahb3lite_sram1rw, 
reg__655: ahb3lite_sram1rw, 
reg__128: ahb3lite_sram1rw, 
reg__872: ahb3lite_sram1rw, 
reg__13: Zybo_Z7_top__GC0, 
reg__201: ahb3lite_sram1rw, 
reg__922: ahb3lite_sram1rw, 
logic__1216: ahb3lite_sram1rw, 
logic__717: ahb3lite_sram1rw, 
logic__1572: ahb3lite_sram1rw, 
reg__975: ahb3lite_sram1rw, 
muxpart__258: ahb3lite_sram1rw, 
logic__1702: ahb3lite_sram1rw, 
reg__263: ahb3lite_sram1rw, 
reg__391: ahb3lite_sram1rw, 
logic__1594: ahb3lite_sram1rw, 
muxpart__36: Zybo_Z7_top__GC0, 
logic__1785: ahb3lite_sram1rw, 
reg__966: ahb3lite_sram1rw, 
logic__1795: ahb3lite_sram1rw, 
logic__1214: ahb3lite_sram1rw, 
logic__1766: ahb3lite_sram1rw, 
reg__781: ahb3lite_sram1rw, 
logic__1106: ahb3lite_sram1rw, 
reg__485: ahb3lite_sram1rw, 
logic__1083: ahb3lite_sram1rw, 
muxpart__286: ahb3lite_sram1rw, 
reg__645: ahb3lite_sram1rw, 
reg__635: ahb3lite_sram1rw, 
logic__1783: ahb3lite_sram1rw, 
logic__1377: ahb3lite_sram1rw, 
logic__983: ahb3lite_sram1rw, 
reg__151: ahb3lite_sram1rw, 
logic__1183: ahb3lite_sram1rw, 
reg__643: ahb3lite_sram1rw, 
logic__690: ahb3lite_sram1rw, 
logic__1432: ahb3lite_sram1rw, 
reg__47: ahb3lite_sram1rw, 
logic__879: ahb3lite_sram1rw, 
logic__909: ahb3lite_sram1rw, 
logic__1576: ahb3lite_sram1rw, 
reg__952: ahb3lite_sram1rw, 
reg__407: ahb3lite_sram1rw, 
logic__528: ahb3lite_sram1rw, 
logic__64: Zybo_Z7_top__GC0, 
logic__1827: ahb3lite_sram1rw, 
logic__1474: ahb3lite_sram1rw, 
logic__857: ahb3lite_sram1rw, 
muxpart__127: ahb3lite_sram1rw, 
ecen5593_startercode_ca_if_code_t: Zybo_Z7_top__GC0, 
logic__392: ahb3lite_sram1rw, 
reg__950: ahb3lite_sram1rw, 
reg__713: ahb3lite_sram1rw, 
logic__1602: ahb3lite_sram1rw, 
logic__363: ahb3lite_sram1rw, 
logic__525: ahb3lite_sram1rw, 
logic__1041: ahb3lite_sram1rw, 
logic__891: ahb3lite_sram1rw, 
logic__374: ahb3lite_sram1rw, 
reg__340: ahb3lite_sram1rw, 
logic__1356: ahb3lite_sram1rw, 
logic__1149: ahb3lite_sram1rw, 
logic__1192: ahb3lite_sram1rw, 
reg__31: Zybo_Z7_top__GC0, 
muxpart__45: Zybo_Z7_top__GC0, 
logic__911: ahb3lite_sram1rw, 
muxpart__102: ahb3lite_sram1rw, 
reg__1034: ahb3lite_sram1rw, 
reg__503: ahb3lite_sram1rw, 
reg__716: ahb3lite_sram1rw, 
reg__253: ahb3lite_sram1rw, 
reg__61: ahb3lite_sram1rw, 
reg__229: ahb3lite_sram1rw, 
reg__177: ahb3lite_sram1rw, 
reg__819: ahb3lite_sram1rw, 
datapath__17: Zybo_Z7_top__GC0, 
logic__1398: ahb3lite_sram1rw, 
logic__1664: ahb3lite_sram1rw, 
reg__361: ahb3lite_sram1rw, 
logic__753: ahb3lite_sram1rw, 
logic__347: ahb3lite_sram1rw, 
muxpart__250: ahb3lite_sram1rw, 
muxpart__152: ahb3lite_sram1rw, 
logic__1450: ahb3lite_sram1rw, 
reg__993: ahb3lite_sram1rw, 
logic__1256: ahb3lite_sram1rw, 
logic__1221: ahb3lite_sram1rw, 
logic__986: ahb3lite_sram1rw, 
logic__407: ahb3lite_sram1rw, 
logic__925: ahb3lite_sram1rw, 
ecen5593_startercode_ca_core_me_output_t: Zybo_Z7_top__GC0, 
reg__553: ahb3lite_sram1rw, 
logic__1615: ahb3lite_sram1rw, 
logic__1784: ahb3lite_sram1rw, 
logic__862: ahb3lite_sram1rw, 
muxpart__128: ahb3lite_sram1rw, 
logic__1272: ahb3lite_sram1rw, 
logic__429: ahb3lite_sram1rw, 
logic__386: ahb3lite_sram1rw, 
logic__1013: ahb3lite_sram1rw, 
muxpart__208: ahb3lite_sram1rw, 
muxpart__151: ahb3lite_sram1rw, 
logic__18: Zybo_Z7_top__GC0, 
logic__1773: ahb3lite_sram1rw, 
reg__838: ahb3lite_sram1rw, 
muxpart__105: ahb3lite_sram1rw, 
reg__724: ahb3lite_sram1rw, 
muxpart__32: Zybo_Z7_top__GC0, 
reg__748: ahb3lite_sram1rw, 
logic__1153: ahb3lite_sram1rw, 
reg__987: ahb3lite_sram1rw, 
reg__210: ahb3lite_sram1rw, 
reg__594: ahb3lite_sram1rw, 
logic__1674: ahb3lite_sram1rw, 
reg__528: ahb3lite_sram1rw, 
reg__297: ahb3lite_sram1rw, 
reg__501: ahb3lite_sram1rw, 
logic__1573: ahb3lite_sram1rw, 
logic__323: Zybo_Z7_top__GC0, 
logic__294: Zybo_Z7_top__GC0, 
reg__81: ahb3lite_sram1rw, 
muxpart__210: ahb3lite_sram1rw, 
logic__408: ahb3lite_sram1rw, 
datapath__7: Zybo_Z7_top__GC0, 
logic__1714: ahb3lite_sram1rw, 
reg__423: ahb3lite_sram1rw, 
logic__554: ahb3lite_sram1rw, 
logic__650: ahb3lite_sram1rw, 
reg__850: ahb3lite_sram1rw, 
case__19: Zybo_Z7_top__GC0, 
case__56: Zybo_Z7_top__GC0, 
logic__1710: ahb3lite_sram1rw, 
muxpart__43: Zybo_Z7_top__GC0, 
logic__574: ahb3lite_sram1rw, 
muxpart__237: ahb3lite_sram1rw, 
muxpart__272: ahb3lite_sram1rw, 
datapath__8: Zybo_Z7_top__GC0, 
logic__1380: ahb3lite_sram1rw, 
reg__697: ahb3lite_sram1rw, 
muxpart__129: ahb3lite_sram1rw, 
logic__1488: ahb3lite_sram1rw, 
reg__43: ahb3lite_sram1rw, 
reg__4: Zybo_Z7_top__GC0, 
reg__731: ahb3lite_sram1rw, 
case__51: Zybo_Z7_top__GC0, 
reg__531: ahb3lite_sram1rw, 
reg__136: ahb3lite_sram1rw, 
logic__1771: ahb3lite_sram1rw, 
reg__604: ahb3lite_sram1rw, 
reg__183: ahb3lite_sram1rw, 
muxpart__25: Zybo_Z7_top__GC0, 
reg__215: ahb3lite_sram1rw, 
logic__927: ahb3lite_sram1rw, 
reg__789: ahb3lite_sram1rw, 
logic__1802: ahb3lite_sram1rw, 
reg__304: ahb3lite_sram1rw, 
reg__504: ahb3lite_sram1rw, 
logic__304: Zybo_Z7_top__GC0, 
logic__1762: ahb3lite_sram1rw, 
logic__1791: ahb3lite_sram1rw, 
muxpart__294: ahb3lite_sram1rw, 
logic__1375: ahb3lite_sram1rw, 
logic__396: ahb3lite_sram1rw, 
reg__129: ahb3lite_sram1rw, 
logic__1758: ahb3lite_sram1rw, 
logic__1706: ahb3lite_sram1rw, 
reg__56: ahb3lite_sram1rw, 
logic__1466: ahb3lite_sram1rw, 
reg__747: ahb3lite_sram1rw, 
reg__88: ahb3lite_sram1rw, 
reg__893: ahb3lite_sram1rw, 
logic__154: Zybo_Z7_top__GC0, 
reg__804: ahb3lite_sram1rw, 
reg__39: Zybo_Z7_top__GC0, 
logic__875: ahb3lite_sram1rw, 
logic__1604: ahb3lite_sram1rw, 
reg__480: ahb3lite_sram1rw, 
reg__654: ahb3lite_sram1rw, 
logic__884: ahb3lite_sram1rw, 
muxpart__35: Zybo_Z7_top__GC0, 
logic__1713: ahb3lite_sram1rw, 
logic__1048: ahb3lite_sram1rw, 
logic__1764: ahb3lite_sram1rw, 
reg__842: ahb3lite_sram1rw, 
datapath__2: Zybo_Z7_top__GC0, 
logic__1366: ahb3lite_sram1rw, 
logic__1105: ahb3lite_sram1rw, 
reg__6: Zybo_Z7_top__GC0, 
reg__272: ahb3lite_sram1rw, 
reg__1: Zybo_Z7_top__GC0, 
reg__687: ahb3lite_sram1rw, 
logic__827: ahb3lite_sram1rw, 
logic__869: ahb3lite_sram1rw, 
logic__1267: ahb3lite_sram1rw, 
logic__1704: ahb3lite_sram1rw, 
reg__426: ahb3lite_sram1rw, 
reg__208: ahb3lite_sram1rw, 
logic__472: ahb3lite_sram1rw, 
reg__858: ahb3lite_sram1rw, 
reg__21: Zybo_Z7_top__GC0, 
logic__854: ahb3lite_sram1rw, 
logic__932: ahb3lite_sram1rw, 
muxpart__48: Zybo_Z7_top__GC0, 
muxpart__224: ahb3lite_sram1rw, 
logic__1698: ahb3lite_sram1rw, 
logic__1040: ahb3lite_sram1rw, 
logic__274: Zybo_Z7_top__GC0, 
logic__111: Zybo_Z7_top__GC0, 
reg__671: ahb3lite_sram1rw, 
logic__1623: ahb3lite_sram1rw, 
logic__1459: ahb3lite_sram1rw, 
logic__791: ahb3lite_sram1rw, 
logic__1750: ahb3lite_sram1rw, 
logic__190: Zybo_Z7_top__GC0, 
muxpart__239: ahb3lite_sram1rw, 
logic__1230: ahb3lite_sram1rw, 
reg__330: ahb3lite_sram1rw, 
reg__997: ahb3lite_sram1rw, 
reg__903: ahb3lite_sram1rw, 
logic__493: ahb3lite_sram1rw, 
logic__1746: ahb3lite_sram1rw, 
logic__437: ahb3lite_sram1rw, 
muxpart__62: ahb3lite_sram1rw, 
datapath__19: ahb3lite_sram1rw, 
reg__603: ahb3lite_sram1rw, 
reg__547: ahb3lite_sram1rw, 
logic__664: ahb3lite_sram1rw, 
reg__790: ahb3lite_sram1rw, 
logic__853: ahb3lite_sram1rw, 
logic__45: Zybo_Z7_top__GC0, 
reg__93: ahb3lite_sram1rw, 
case__152: Zybo_Z7_top__GC0, 
logic__1810: ahb3lite_sram1rw, 
logic__794: ahb3lite_sram1rw, 
reg__1071: ahb3lite_sram1rw, 
logic__765: ahb3lite_sram1rw, 
logic__638: ahb3lite_sram1rw, 
reg__617: ahb3lite_sram1rw, 
muxpart__131: ahb3lite_sram1rw, 
reg__756: ahb3lite_sram1rw, 
logic__1681: ahb3lite_sram1rw, 
logic__449: ahb3lite_sram1rw, 
logic__546: ahb3lite_sram1rw, 
logic__570: ahb3lite_sram1rw, 
reg__26: Zybo_Z7_top__GC0, 
logic__770: ahb3lite_sram1rw, 
muxpart__303: ahb3lite_sram1rw, 
logic__568: ahb3lite_sram1rw, 
reg__110: ahb3lite_sram1rw, 
logic__331: Zybo_Z7_top__GC0, 
logic__1851: ahb3lite_sram1rw, 
reg__34: Zybo_Z7_top__GC0, 
reg__101: ahb3lite_sram1rw, 
logic__1449: ahb3lite_sram1rw, 
reg__772: ahb3lite_sram1rw, 
logic__1688: ahb3lite_sram1rw, 
reg__189: ahb3lite_sram1rw, 
logic__668: ahb3lite_sram1rw, 
reg__780: ahb3lite_sram1rw, 
reg__498: ahb3lite_sram1rw, 
reg__999: ahb3lite_sram1rw, 
logic__1003: ahb3lite_sram1rw, 
logic__292: Zybo_Z7_top__GC0, 
reg__204: ahb3lite_sram1rw, 
muxpart__65: ahb3lite_sram1rw, 
reg__303: ahb3lite_sram1rw, 
reg__596: ahb3lite_sram1rw, 
logic__173: Zybo_Z7_top__GC0, 
logic__1816: ahb3lite_sram1rw, 
reg__816: ahb3lite_sram1rw, 
logic__656: ahb3lite_sram1rw, 
logic__647: ahb3lite_sram1rw, 
logic__692: ahb3lite_sram1rw, 
reg__427: ahb3lite_sram1rw, 
reg__932: ahb3lite_sram1rw, 
reg__591: ahb3lite_sram1rw, 
reg__960: ahb3lite_sram1rw, 
muxpart__295: ahb3lite_sram1rw, 
logic__1770: ahb3lite_sram1rw, 
logic__1396: ahb3lite_sram1rw, 
logic__1263: ahb3lite_sram1rw, 
logic__1195: ahb3lite_sram1rw, 
logic__843: ahb3lite_sram1rw, 
reg__602: ahb3lite_sram1rw, 
muxpart__112: ahb3lite_sram1rw, 
reg__214: ahb3lite_sram1rw, 
logic__1005: ahb3lite_sram1rw, 
logic__749: ahb3lite_sram1rw, 
reg__415: ahb3lite_sram1rw, 
reg__742: ahb3lite_sram1rw, 
logic__47: Zybo_Z7_top__GC0, 
reg__349: ahb3lite_sram1rw, 
logic__549: ahb3lite_sram1rw, 
reg__629: ahb3lite_sram1rw, 
logic__1522: ahb3lite_sram1rw, 
reg__266: ahb3lite_sram1rw, 
logic__1350: ahb3lite_sram1rw, 
logic__412: ahb3lite_sram1rw, 
reg__90: ahb3lite_sram1rw, 
logic__1136: ahb3lite_sram1rw, 
logic__300: Zybo_Z7_top__GC0, 
reg__1076: ahb3lite_sram1rw, 
logic__665: ahb3lite_sram1rw, 
reg__463: ahb3lite_sram1rw, 
logic__1705: ahb3lite_sram1rw, 
logic__939: ahb3lite_sram1rw, 
reg__184: ahb3lite_sram1rw, 
muxpart__13: Zybo_Z7_top__GC0, 
reg__216: ahb3lite_sram1rw, 
logic__1057: ahb3lite_sram1rw, 
reg__269: ahb3lite_sram1rw, 
reg__277: ahb3lite_sram1rw, 
logic__1532: ahb3lite_sram1rw, 
reg__233: ahb3lite_sram1rw, 
reg__154: ahb3lite_sram1rw, 
reg__153: ahb3lite_sram1rw, 
reg__397: ahb3lite_sram1rw, 
muxpart__173: ahb3lite_sram1rw, 
logic__1809: ahb3lite_sram1rw, 
logic__1233: ahb3lite_sram1rw, 
case__45: Zybo_Z7_top__GC0, 
logic__923: ahb3lite_sram1rw, 
logic__1830: ahb3lite_sram1rw, 
reg__459: ahb3lite_sram1rw, 
reg__382: ahb3lite_sram1rw, 
datapath: Zybo_Z7_top__GC0, 
reg__678: ahb3lite_sram1rw, 
logic__402: ahb3lite_sram1rw, 
case__15: Zybo_Z7_top__GC0, 
muxpart__137: ahb3lite_sram1rw, 
logic__1854: ahb3lite_sram1rw, 
muxpart__269: ahb3lite_sram1rw, 
logic__1574: ahb3lite_sram1rw, 
reg__14: Zybo_Z7_top__GC0, 
logic__620: ahb3lite_sram1rw, 
logic: Zybo_Z7_top__GC0, 
logic__147: Zybo_Z7_top__GC0, 
reg__487: ahb3lite_sram1rw, 
logic__322: Zybo_Z7_top__GC0, 
reg__948: ahb3lite_sram1rw, 
reg__673: ahb3lite_sram1rw, 
reg__134: ahb3lite_sram1rw, 
logic__1794: ahb3lite_sram1rw, 
muxpart__20: Zybo_Z7_top__GC0, 
reg__797: ahb3lite_sram1rw, 
reg__991: ahb3lite_sram1rw, 
logic__373: ahb3lite_sram1rw, 
reg__144: ahb3lite_sram1rw, 
reg__422: ahb3lite_sram1rw, 
logic__454: ahb3lite_sram1rw, 
reg__767: ahb3lite_sram1rw, 
reg__739: ahb3lite_sram1rw, 
logic__1546: ahb3lite_sram1rw, 
logic__265: Zybo_Z7_top__GC0, 
reg__881: ahb3lite_sram1rw, 
case__157: Zybo_Z7_top__GC0, 
logic__1009: ahb3lite_sram1rw, 
reg__119: ahb3lite_sram1rw, 
reg__148: ahb3lite_sram1rw, 
reg__722: ahb3lite_sram1rw, 
reg__8: Zybo_Z7_top__GC0, 
logic__579: ahb3lite_sram1rw, 
logic__1786: ahb3lite_sram1rw, 
reg__938: ahb3lite_sram1rw, 
pla: Zybo_Z7_top__GC0, 
logic__1822: ahb3lite_sram1rw, 
logic__641: ahb3lite_sram1rw, 
logic__1344: ahb3lite_sram1rw, 
muxpart__94: ahb3lite_sram1rw, 
datapath__14: Zybo_Z7_top__GC0, 
reg__1055: ahb3lite_sram1rw, 
reg__315: ahb3lite_sram1rw, 
logic__1184: ahb3lite_sram1rw, 
reg__734: ahb3lite_sram1rw, 
reg__552: ahb3lite_sram1rw, 
logic__1654: ahb3lite_sram1rw, 
logic__1067: ahb3lite_sram1rw, 
muxpart__55: ahb3lite_sram1rw, 
logic__722: ahb3lite_sram1rw, 
muxpart__216: ahb3lite_sram1rw, 
reg__778: ahb3lite_sram1rw, 
reg__348: ahb3lite_sram1rw, 
logic__746: ahb3lite_sram1rw, 
logic__1110: ahb3lite_sram1rw, 
reg__120: ahb3lite_sram1rw, 
logic__254: Zybo_Z7_top__GC0, 
reg__176: ahb3lite_sram1rw, 
logic__701: ahb3lite_sram1rw, 
logic__687: ahb3lite_sram1rw, 
logic__905: ahb3lite_sram1rw, 
logic__1059: ahb3lite_sram1rw, 
ecen5593_startercode_ca_core_me_t: Zybo_Z7_top__GC0, 
logic__671: ahb3lite_sram1rw, 
logic__1333: ahb3lite_sram1rw, 
logic__511: ahb3lite_sram1rw, 
logic__286: Zybo_Z7_top__GC0, 
logic__523: ahb3lite_sram1rw, 
reg__686: ahb3lite_sram1rw, 
reg__554: ahb3lite_sram1rw, 
case__12: Zybo_Z7_top__GC0, 
muxpart__9: Zybo_Z7_top__GC0, 
logic__12: Zybo_Z7_top__GC0, 
logic__1383: ahb3lite_sram1rw, 
datapath__10: Zybo_Z7_top__GC0, 
logic__707: ahb3lite_sram1rw, 
logic__1148: ahb3lite_sram1rw, 
reg__543: ahb3lite_sram1rw, 
logic__1960: Zybo_Z7_top__GC0, 
reg__388: ahb3lite_sram1rw, 
logic__1609: ahb3lite_sram1rw, 
reg__471: ahb3lite_sram1rw, 
reg__945: ahb3lite_sram1rw, 
logic__397: ahb3lite_sram1rw, 
reg__688: ahb3lite_sram1rw, 
logic__1587: ahb3lite_sram1rw, 
logic__755: ahb3lite_sram1rw, 
logic__688: ahb3lite_sram1rw, 
reg__791: ahb3lite_sram1rw, 
logic__1676: ahb3lite_sram1rw, 
reg__251: ahb3lite_sram1rw, 
reg__379: ahb3lite_sram1rw, 
logic__1258: ahb3lite_sram1rw, 
logic__1635: ahb3lite_sram1rw, 
muxpart__186: ahb3lite_sram1rw, 
logic__1756: ahb3lite_sram1rw, 
logic__1804: ahb3lite_sram1rw, 
logic__998: ahb3lite_sram1rw, 
muxpart__289: ahb3lite_sram1rw, 
logic__21: Zybo_Z7_top__GC0, 
reg__509: ahb3lite_sram1rw, 
reg__417: ahb3lite_sram1rw, 
reg__701: ahb3lite_sram1rw, 
logic__766: ahb3lite_sram1rw, 
logic__1143: ahb3lite_sram1rw, 
reg__1007: ahb3lite_sram1rw, 
logic__958: ahb3lite_sram1rw, 
logic__1394: ahb3lite_sram1rw, 
reg__685: ahb3lite_sram1rw, 
logic__309: Zybo_Z7_top__GC0, 
logic__957: ahb3lite_sram1rw, 
reg__926: ahb3lite_sram1rw, 
reg__285: ahb3lite_sram1rw, 
reg__430: ahb3lite_sram1rw, 
reg__123: ahb3lite_sram1rw, 
reg__726: ahb3lite_sram1rw, 
logic__602: ahb3lite_sram1rw, 
logic__1516: ahb3lite_sram1rw, 
reg__187: ahb3lite_sram1rw, 
logic__658: ahb3lite_sram1rw, 
muxpart__80: ahb3lite_sram1rw, 
muxpart__33: Zybo_Z7_top__GC0, 
muxpart__120: ahb3lite_sram1rw, 
logic__1731: ahb3lite_sram1rw, 
muxpart__18: Zybo_Z7_top__GC0, 
reg__174: ahb3lite_sram1rw, 
reg__237: ahb3lite_sram1rw, 
logic__1759: ahb3lite_sram1rw, 
reg__289: ahb3lite_sram1rw, 
reg__1048: ahb3lite_sram1rw, 
reg__334: ahb3lite_sram1rw, 
logic__1107: ahb3lite_sram1rw, 
logic__937: ahb3lite_sram1rw, 
logic__1534: ahb3lite_sram1rw, 
logic__345: ahb3lite_sram1rw, 
logic__778: ahb3lite_sram1rw, 
logic__588: ahb3lite_sram1rw, 
reg__267: ahb3lite_sram1rw, 
logic__813: ahb3lite_sram1rw, 
logic__1528: ahb3lite_sram1rw, 
reg__905: ahb3lite_sram1rw, 
reg__152: ahb3lite_sram1rw, 
logic__695: ahb3lite_sram1rw, 
reg__438: ahb3lite_sram1rw, 
reg__582: ahb3lite_sram1rw, 
logic__1622: ahb3lite_sram1rw, 
reg__395: ahb3lite_sram1rw, 
logic__1524: ahb3lite_sram1rw, 
logic__1444: ahb3lite_sram1rw, 
muxpart__111: ahb3lite_sram1rw, 
logic__634: ahb3lite_sram1rw, 
logic__1814: ahb3lite_sram1rw, 
logic__356: ahb3lite_sram1rw, 
muxpart__179: ahb3lite_sram1rw, 
logic__161: Zybo_Z7_top__GC0, 
reg__414: ahb3lite_sram1rw, 
reg__200: ahb3lite_sram1rw, 
reg__442: ahb3lite_sram1rw, 
case__144: Zybo_Z7_top__GC0, 
logic__592: ahb3lite_sram1rw, 
logic__1170: ahb3lite_sram1rw, 
logic__783: ahb3lite_sram1rw, 
reg__1019: ahb3lite_sram1rw, 
reg__170: ahb3lite_sram1rw, 
logic__1448: ahb3lite_sram1rw, 
case__145: Zybo_Z7_top__GC0, 
logic__1300: ahb3lite_sram1rw, 
logic__1540: ahb3lite_sram1rw, 
logic__1724: ahb3lite_sram1rw, 
muxpart__16: Zybo_Z7_top__GC0, 
logic__955: ahb3lite_sram1rw, 
logic__358: ahb3lite_sram1rw, 
reg__740: ahb3lite_sram1rw, 
muxpart__281: ahb3lite_sram1rw, 
logic__1650: ahb3lite_sram1rw, 
case__75: Zybo_Z7_top__GC0, 
logic__1855: ahb3lite_sram1rw, 
logic__1010: ahb3lite_sram1rw, 
logic__348: ahb3lite_sram1rw, 
logic__757: ahb3lite_sram1rw, 
logic__1134: ahb3lite_sram1rw, 
muxpart__97: ahb3lite_sram1rw, 
d_ff_rst_we_stall_clr_t__parameterized3: Zybo_Z7_top__GC0, 
logic__1332: ahb3lite_sram1rw, 
logic__793: ahb3lite_sram1rw, 
reg__191: ahb3lite_sram1rw, 
reg__779: ahb3lite_sram1rw, 
reg__855: ahb3lite_sram1rw, 
muxpart__167: ahb3lite_sram1rw, 
logic__1641: ahb3lite_sram1rw, 
logic__1131: ahb3lite_sram1rw, 
logic__872: ahb3lite_sram1rw, 
reg__105: ahb3lite_sram1rw, 
logic__169: Zybo_Z7_top__GC0, 
logic__897: ahb3lite_sram1rw, 
logic__1747: ahb3lite_sram1rw, 
muxpart__142: ahb3lite_sram1rw, 
reg__940: ahb3lite_sram1rw, 
logic__1399: ahb3lite_sram1rw, 
logic__505: ahb3lite_sram1rw, 
reg__549: ahb3lite_sram1rw, 
logic__989: ahb3lite_sram1rw, 
muxpart__66: ahb3lite_sram1rw, 
reg__625: ahb3lite_sram1rw, 
logic__893: ahb3lite_sram1rw, 
muxpart__51: ahb3lite_sram1rw, 
reg__345: ahb3lite_sram1rw, 
logic__1179: ahb3lite_sram1rw, 
logic__1202: ahb3lite_sram1rw, 
logic__1844: ahb3lite_sram1rw, 
reg__1064: ahb3lite_sram1rw, 
reg__719: ahb3lite_sram1rw, 
logic__1294: ahb3lite_sram1rw, 
reg__539: ahb3lite_sram1rw, 
muxpart__226: ahb3lite_sram1rw, 
reg__706: ahb3lite_sram1rw, 
logic__1119: ahb3lite_sram1rw, 
logic__1599: ahb3lite_sram1rw, 
datapath__23: Zybo_Z7_top__GC0, 
logic__1696: ahb3lite_sram1rw, 
logic__811: ahb3lite_sram1rw, 
d_ff_rst_we_stall_clr_t__parameterized1: Zybo_Z7_top__GC0, 
muxpart__297: ahb3lite_sram1rw, 
muxpart__257: ahb3lite_sram1rw, 
reg__533: ahb3lite_sram1rw, 
muxpart__83: ahb3lite_sram1rw, 
case__14: Zybo_Z7_top__GC0, 
muxpart__230: ahb3lite_sram1rw, 
reg__942: ahb3lite_sram1rw, 
muxpart__284: ahb3lite_sram1rw, 
reg__19: Zybo_Z7_top__GC0, 
logic__1351: ahb3lite_sram1rw, 
reg__502: ahb3lite_sram1rw, 
case__158: Zybo_Z7_top__GC0, 
logic__951: ahb3lite_sram1rw, 
logic__1035: ahb3lite_sram1rw, 
muxpart__7: Zybo_Z7_top__GC0, 
reg__158: ahb3lite_sram1rw, 
reg__401: ahb3lite_sram1rw, 
logic__785: ahb3lite_sram1rw, 
reg__53: ahb3lite_sram1rw, 
logic__1605: ahb3lite_sram1rw, 
reg__871: ahb3lite_sram1rw, 
logic__758: ahb3lite_sram1rw, 
logic__391: ahb3lite_sram1rw, 
muxpart: Zybo_Z7_top__GC0, 
muxpart__70: ahb3lite_sram1rw, 
logic__1755: ahb3lite_sram1rw, 
reg__870: ahb3lite_sram1rw, 
logic__1962: Zybo_Z7_top__GC0, 
reg__826: ahb3lite_sram1rw, 
d_ff_rst_we_t__parameterized2: Zybo_Z7_top__GC0, 
logic__1055: ahb3lite_sram1rw, 
muxpart__172: ahb3lite_sram1rw, 
logic__1460: ahb3lite_sram1rw, 
reg__332: ahb3lite_sram1rw, 
case__160: Zybo_Z7_top__GC0, 
logic__272: Zybo_Z7_top__GC0, 
reg__904: ahb3lite_sram1rw, 
reg__122: ahb3lite_sram1rw, 
reg__733: ahb3lite_sram1rw, 
reg__670: ahb3lite_sram1rw, 
logic__1924: Zybo_Z7_top__GC0, 
logic__563: ahb3lite_sram1rw, 
logic__1389: ahb3lite_sram1rw, 
muxpart__178: ahb3lite_sram1rw, 
logic__1374: ahb3lite_sram1rw, 
reg__777: ahb3lite_sram1rw, 
reg__1020: ahb3lite_sram1rw, 
reg__425: ahb3lite_sram1rw, 
reg__172: ahb3lite_sram1rw, 
reg__385: ahb3lite_sram1rw, 
reg__474: ahb3lite_sram1rw, 
reg__693: ahb3lite_sram1rw, 
logic__95: Zybo_Z7_top__GC0, 
logic__1226: ahb3lite_sram1rw, 
logic__389: ahb3lite_sram1rw, 
logic__814: ahb3lite_sram1rw, 
reg__1078: Zybo_Z7_top__GC0, 
logic__1508: ahb3lite_sram1rw, 
reg__180: ahb3lite_sram1rw, 
reg__460: ahb3lite_sram1rw, 
logic__72: Zybo_Z7_top__GC0, 
reg__339: ahb3lite_sram1rw, 
logic__881: ahb3lite_sram1rw, 
logic__871: ahb3lite_sram1rw, 
reg__650: ahb3lite_sram1rw, 
logic__1401: ahb3lite_sram1rw, 
logic__1489: ahb3lite_sram1rw, 
logic__1780: ahb3lite_sram1rw, 
reg__677: ahb3lite_sram1rw, 
reg__368: ahb3lite_sram1rw, 
muxpart__174: ahb3lite_sram1rw, 
reg__627: ahb3lite_sram1rw, 
reg__894: ahb3lite_sram1rw, 
muxpart__145: ahb3lite_sram1rw, 
reg__1009: ahb3lite_sram1rw, 
reg__642: ahb3lite_sram1rw, 
logic__1440: ahb3lite_sram1rw, 
logic__997: ahb3lite_sram1rw, 
muxpart__11: Zybo_Z7_top__GC0, 
muxpart__165: ahb3lite_sram1rw, 
reg__763: ahb3lite_sram1rw, 
reg__516: ahb3lite_sram1rw, 
logic__1484: ahb3lite_sram1rw, 
reg__646: ahb3lite_sram1rw, 
reg__75: ahb3lite_sram1rw, 
muxpart__104: ahb3lite_sram1rw, 
reg__365: ahb3lite_sram1rw, 
reg__404: ahb3lite_sram1rw, 
muxpart__34: Zybo_Z7_top__GC0, 
muxpart__144: ahb3lite_sram1rw, 
logic__1075: ahb3lite_sram1rw, 
reg__375: ahb3lite_sram1rw, 
reg__717: ahb3lite_sram1rw, 
logic__585: ahb3lite_sram1rw, 
logic__1021: ahb3lite_sram1rw, 
muxpart__29: Zybo_Z7_top__GC0, 
reg__48: ahb3lite_sram1rw, 
logic__1840: ahb3lite_sram1rw, 
logic__339: ahb3lite_sram1rw, 
logic__1761: ahb3lite_sram1rw, 
logic__941: ahb3lite_sram1rw, 
reg__62: ahb3lite_sram1rw, 
logic__337: ahb3lite_sram1rw, 
case__7: Zybo_Z7_top__GC0, 
logic__1308: ahb3lite_sram1rw, 
muxpart__227: ahb3lite_sram1rw, 
reg__573: ahb3lite_sram1rw, 
logic__806: ahb3lite_sram1rw, 
muxpart__1: Zybo_Z7_top__GC0, 
reg__929: ahb3lite_sram1rw, 
datapath__4: Zybo_Z7_top__GC0, 
reg__521: ahb3lite_sram1rw, 
logic__403: ahb3lite_sram1rw, 
reg__544: ahb3lite_sram1rw, 
reg__467: ahb3lite_sram1rw, 
reg__221: ahb3lite_sram1rw, 
logic__1591: ahb3lite_sram1rw, 
reg__223: ahb3lite_sram1rw, 
reg__311: ahb3lite_sram1rw, 
case__55: Zybo_Z7_top__GC0, 
logic__1054: ahb3lite_sram1rw, 
reg__564: ahb3lite_sram1rw, 
reg__396: ahb3lite_sram1rw, 
muxpart__259: ahb3lite_sram1rw, 
logic__636: ahb3lite_sram1rw, 
reg__273: ahb3lite_sram1rw, 
logic__1490: ahb3lite_sram1rw, 
logic__1828: ahb3lite_sram1rw, 
logic__596: ahb3lite_sram1rw, 
logic__1197: ahb3lite_sram1rw, 
reg__17: Zybo_Z7_top__GC0, 
reg__87: ahb3lite_sram1rw, 
logic__632: ahb3lite_sram1rw, 
logic__1071: ahb3lite_sram1rw, 
reg__25: Zybo_Z7_top__GC0, 
logic__1018: ahb3lite_sram1rw, 
muxpart__271: ahb3lite_sram1rw, 
logic__1144: ahb3lite_sram1rw, 
logic__866: ahb3lite_sram1rw, 
reg__720: ahb3lite_sram1rw, 
reg__1013: ahb3lite_sram1rw, 
logic__1097: ahb3lite_sram1rw, 
reg__116: ahb3lite_sram1rw, 
datapath__5: Zybo_Z7_top__GC0, 
logic__740: ahb3lite_sram1rw, 
reg__1045: ahb3lite_sram1rw, 
muxpart__58: ahb3lite_sram1rw, 
reg__305: ahb3lite_sram1rw, 
muxpart__196: ahb3lite_sram1rw, 
reg__973: ahb3lite_sram1rw, 
reg__410: ahb3lite_sram1rw, 
reg__40: Zybo_Z7_top__GC0, 
logic__1496: ahb3lite_sram1rw, 
logic__221: Zybo_Z7_top__GC0, 
muxpart__171: ahb3lite_sram1rw, 
reg__793: ahb3lite_sram1rw, 
reg__732: ahb3lite_sram1rw, 
logic__1072: ahb3lite_sram1rw, 
reg__969: ahb3lite_sram1rw, 
muxpart__39: Zybo_Z7_top__GC0, 
reg__70: ahb3lite_sram1rw, 
reg__1014: ahb3lite_sram1rw, 
reg__399: ahb3lite_sram1rw, 
logic__1049: ahb3lite_sram1rw, 
logic__970: ahb3lite_sram1rw, 
logic__590: ahb3lite_sram1rw, 
logic__362: ahb3lite_sram1rw, 
logic__1734: ahb3lite_sram1rw, 
muxpart__282: ahb3lite_sram1rw, 
logic__388: ahb3lite_sram1rw, 
reg__829: ahb3lite_sram1rw, 
ecen5593_startercode_ca_core_pipeline_control_t: Zybo_Z7_top__GC0, 
reg__699: ahb3lite_sram1rw, 
logic__1614: ahb3lite_sram1rw, 
logic__639: ahb3lite_sram1rw, 
logic__182: Zybo_Z7_top__GC0, 
reg__750: ahb3lite_sram1rw, 
reg__370: ahb3lite_sram1rw, 
muxpart__71: ahb3lite_sram1rw, 
case__3: Zybo_Z7_top__GC0, 
reg__260: ahb3lite_sram1rw, 
reg__915: ahb3lite_sram1rw, 
reg__219: ahb3lite_sram1rw, 
reg__380: ahb3lite_sram1rw, 
logic__623: ahb3lite_sram1rw, 
logic__1296: ahb3lite_sram1rw, 
reg__523: ahb3lite_sram1rw, 
reg__202: ahb3lite_sram1rw, 
reg__605: ahb3lite_sram1rw, 
logic__940: ahb3lite_sram1rw, 
logic__210: Zybo_Z7_top__GC0, 
logic__504: ahb3lite_sram1rw, 
reg__1003: ahb3lite_sram1rw, 
reg__481: ahb3lite_sram1rw, 
muxpart__106: ahb3lite_sram1rw, 
reg__958: ahb3lite_sram1rw, 
logic__742: ahb3lite_sram1rw, 
logic__1612: ahb3lite_sram1rw, 
logic__1863: ahb3lite_sram1rw, 
reg__861: ahb3lite_sram1rw, 
logic__945: ahb3lite_sram1rw, 
logic__1657: ahb3lite_sram1rw, 
logic__748: ahb3lite_sram1rw, 
logic__967: ahb3lite_sram1rw, 
reg__198: ahb3lite_sram1rw, 
logic__359: ahb3lite_sram1rw, 
logic__1578: ahb3lite_sram1rw, 
logic__1684: ahb3lite_sram1rw, 
reg__445: ahb3lite_sram1rw, 
reg__408: ahb3lite_sram1rw, 
logic__1525: ahb3lite_sram1rw, 
logic__1339: ahb3lite_sram1rw, 
reg__1059: ahb3lite_sram1rw, 
logic__1694: ahb3lite_sram1rw, 
logic__395: ahb3lite_sram1rw, 
logic__1290: ahb3lite_sram1rw, 
logic__1019: ahb3lite_sram1rw, 
logic__1867: ahb3lite_sram1rw, 
Zybo_Z7_top__GC0: Zybo_Z7_top__GC0, 
logic__621: ahb3lite_sram1rw, 
muxpart__232: ahb3lite_sram1rw, 
reg__912: ahb3lite_sram1rw, 
logic__1412: ahb3lite_sram1rw, 
muxpart__22: Zybo_Z7_top__GC0, 
muxpart__84: ahb3lite_sram1rw, 
logic__652: ahb3lite_sram1rw, 
reg__506: ahb3lite_sram1rw, 
logic__683: ahb3lite_sram1rw, 
logic__1274: ahb3lite_sram1rw, 
reg__321: ahb3lite_sram1rw, 
logic__1408: ahb3lite_sram1rw, 
reg__583: ahb3lite_sram1rw, 
reg__1018: ahb3lite_sram1rw, 
logic__305: Zybo_Z7_top__GC0, 
logic__1232: ahb3lite_sram1rw, 
logic__1182: ahb3lite_sram1rw, 
logic__1094: ahb3lite_sram1rw, 
case__31: Zybo_Z7_top__GC0, 
reg__79: ahb3lite_sram1rw, 
logic__1381: ahb3lite_sram1rw, 
logic__1708: ahb3lite_sram1rw, 
muxpart__199: ahb3lite_sram1rw, 
logic__878: ahb3lite_sram1rw, 
muxpart__87: ahb3lite_sram1rw, 
reg__714: ahb3lite_sram1rw, 
muxpart__221: ahb3lite_sram1rw, 
muxpart__99: ahb3lite_sram1rw, 
reg__967: ahb3lite_sram1rw, 
reg__155: ahb3lite_sram1rw, 
logic__1227: ahb3lite_sram1rw, 
logic__206: Zybo_Z7_top__GC0, 
muxpart__300: ahb3lite_sram1rw, 
logic__987: ahb3lite_sram1rw, 
muxpart__183: ahb3lite_sram1rw, 
reg__169: ahb3lite_sram1rw, 
logic__1039: ahb3lite_sram1rw, 
reg__168: ahb3lite_sram1rw, 
logic__603: ahb3lite_sram1rw, 
reg__68: ahb3lite_sram1rw, 
logic__899: ahb3lite_sram1rw, 
reg__97: ahb3lite_sram1rw, 
logic__1046: ahb3lite_sram1rw, 
logic__773: ahb3lite_sram1rw, 
reg__238: ahb3lite_sram1rw, 
reg__615: ahb3lite_sram1rw, 
logic__1400: ahb3lite_sram1rw, 
reg__402: ahb3lite_sram1rw, 
logic__760: ahb3lite_sram1rw, 
logic__1453: ahb3lite_sram1rw, 
muxpart__130: ahb3lite_sram1rw, 
logic__698: ahb3lite_sram1rw, 
logic__1582: ahb3lite_sram1rw, 
logic__1570: ahb3lite_sram1rw, 
logic__390: ahb3lite_sram1rw, 
logic__1531: ahb3lite_sram1rw, 
logic__87: Zybo_Z7_top__GC0, 
logic__1168: ahb3lite_sram1rw, 
reg__589: ahb3lite_sram1rw, 
reg__663: ahb3lite_sram1rw, 
reg__884: ahb3lite_sram1rw, 
logic__913: ahb3lite_sram1rw, 
logic__1418: ahb3lite_sram1rw, 
logic__1642: ahb3lite_sram1rw, 
logic__1004: ahb3lite_sram1rw, 
logic__1434: ahb3lite_sram1rw, 
reg__23: Zybo_Z7_top__GC0, 
reg__246: ahb3lite_sram1rw, 
logic__1164: ahb3lite_sram1rw, 
logic__478: ahb3lite_sram1rw, 
logic__1081: ahb3lite_sram1rw, 
logic__1722: ahb3lite_sram1rw, 
logic__898: ahb3lite_sram1rw, 
logic__369: ahb3lite_sram1rw, 
logic__788: ahb3lite_sram1rw, 
logic__1500: ahb3lite_sram1rw, 
reg__909: ahb3lite_sram1rw, 
logic__188: Zybo_Z7_top__GC0, 
reg__209: ahb3lite_sram1rw, 
logic__686: ahb3lite_sram1rw, 
reg__300: ahb3lite_sram1rw, 
muxpart__140: ahb3lite_sram1rw, 
reg__470: ahb3lite_sram1rw, 
logic__410: ahb3lite_sram1rw, 
logic__1464: ahb3lite_sram1rw, 
logic__609: ahb3lite_sram1rw, 
reg__694: ahb3lite_sram1rw, 
reg__270: ahb3lite_sram1rw, 
logic__1634: ahb3lite_sram1rw, 
case__48: Zybo_Z7_top__GC0, 
reg__822: ahb3lite_sram1rw, 
reg__1052: ahb3lite_sram1rw, 
reg__862: ahb3lite_sram1rw, 
case__36: Zybo_Z7_top__GC0, 
logic__1162: ahb3lite_sram1rw, 
logic__1777: ahb3lite_sram1rw, 
reg__398: ahb3lite_sram1rw, 
logic__739: ahb3lite_sram1rw, 
logic__510: ahb3lite_sram1rw, 
logic__1201: ahb3lite_sram1rw, 
logic__1213: ahb3lite_sram1rw, 
reg__507: ahb3lite_sram1rw, 
muxpart__215: ahb3lite_sram1rw, 
logic__1314: ahb3lite_sram1rw, 
logic__84: Zybo_Z7_top__GC0, 
logic__1600: ahb3lite_sram1rw, 
logic__968: ahb3lite_sram1rw, 
logic__313: Zybo_Z7_top__GC0, 
logic__497: ahb3lite_sram1rw, 
logic__1742: ahb3lite_sram1rw, 
reg__998: ahb3lite_sram1rw, 
logic__880: ahb3lite_sram1rw, 
reg__338: ahb3lite_sram1rw, 
logic__1198: ahb3lite_sram1rw, 
logic__859: ahb3lite_sram1rw, 
muxpart__255: ahb3lite_sram1rw, 
reg__715: ahb3lite_sram1rw, 
reg__785: ahb3lite_sram1rw, 
muxpart__125: ahb3lite_sram1rw, 
muxpart__204: ahb3lite_sram1rw, 
case__117: ahb3lite_sram1rw, 
logic__645: ahb3lite_sram1rw, 
logic__1285: ahb3lite_sram1rw, 
case__50: Zybo_Z7_top__GC0, 
logic__1716: ahb3lite_sram1rw, 
reg__9: Zybo_Z7_top__GC0, 
logic__1520: ahb3lite_sram1rw, 
logic__296: Zybo_Z7_top__GC0, 
reg__541: ahb3lite_sram1rw, 
logic__1964: Zybo_Z7_top__GC0, 
reg__633: ahb3lite_sram1rw, 
logic__244: Zybo_Z7_top__GC0, 
muxpart__81: ahb3lite_sram1rw, 
reg__906: ahb3lite_sram1rw, 
muxpart__247: ahb3lite_sram1rw, 
reg__486: ahb3lite_sram1rw, 
logic__551: ahb3lite_sram1rw, 
ecen5593_startercode_ca_core_t: Zybo_Z7_top__GC0, 
reg__795: ahb3lite_sram1rw, 
logic__1287: ahb3lite_sram1rw, 
reg__551: ahb3lite_sram1rw, 
muxpart__96: ahb3lite_sram1rw, 
logic__704: ahb3lite_sram1rw, 
reg__924: ahb3lite_sram1rw, 
logic__1392: ahb3lite_sram1rw, 
muxpart__89: ahb3lite_sram1rw, 
muxpart__132: ahb3lite_sram1rw, 
logic__1174: ahb3lite_sram1rw, 
logic__1414: ahb3lite_sram1rw, 
logic__1839: ahb3lite_sram1rw, 
reg__482: ahb3lite_sram1rw, 
reg__703: ahb3lite_sram1rw, 
logic__1196: ahb3lite_sram1rw, 
muxpart__245: ahb3lite_sram1rw, 
logic__1465: ahb3lite_sram1rw, 
reg__65: ahb3lite_sram1rw, 
case__2: Zybo_Z7_top__GC0, 
logic__1836: ahb3lite_sram1rw, 
logic__1098: ahb3lite_sram1rw, 
reg__835: ahb3lite_sram1rw, 
logic__1689: ahb3lite_sram1rw, 
reg__897: ahb3lite_sram1rw, 
logic__443: ahb3lite_sram1rw, 
logic__1557: ahb3lite_sram1rw, 
logic__1611: ahb3lite_sram1rw, 
logic__486: ahb3lite_sram1rw, 
reg__452: ahb3lite_sram1rw, 
ecen5593_startercode_ca_core_id_t: Zybo_Z7_top__GC0, 
logic__1820: ahb3lite_sram1rw, 
logic__1656: ahb3lite_sram1rw, 
reg__525: ahb3lite_sram1rw, 
logic__1076: ahb3lite_sram1rw, 
muxpart__158: ahb3lite_sram1rw, 
reg__935: ahb3lite_sram1rw, 
muxpart__201: ahb3lite_sram1rw, 
reg__371: ahb3lite_sram1rw, 
logic__1165: ahb3lite_sram1rw, 
reg__466: ahb3lite_sram1rw, 
reg__1061: ahb3lite_sram1rw, 
reg__94: ahb3lite_sram1rw, 
d_ff_rst_we_stall_clr_t__parameterized2: Zybo_Z7_top__GC0, 
logic__1147: ahb3lite_sram1rw, 
reg__450: ahb3lite_sram1rw, 
reg__259: ahb3lite_sram1rw, 
logic__1207: ahb3lite_sram1rw, 
reg__464: ahb3lite_sram1rw, 
reg__801: ahb3lite_sram1rw, 
logic__837: ahb3lite_sram1rw, 
logic__1336: ahb3lite_sram1rw, 
logic__808: ahb3lite_sram1rw, 
logic__929: ahb3lite_sram1rw, 
logic__593: ahb3lite_sram1rw, 
logic__542: ahb3lite_sram1rw, 
ecen5593_startercode_ca_core_ex_t: Zybo_Z7_top__GC0, 
logic__1778: ahb3lite_sram1rw, 
logic__903: ahb3lite_sram1rw, 
logic__1425: ahb3lite_sram1rw, 
muxpart__92: ahb3lite_sram1rw, 
logic__1616: ahb3lite_sram1rw, 
muxpart__6: Zybo_Z7_top__GC0, 
logic__128: Zybo_Z7_top__GC0, 
reg__691: ahb3lite_sram1rw, 
reg__631: ahb3lite_sram1rw, 
reg__1044: ahb3lite_sram1rw, 
muxpart__184: ahb3lite_sram1rw, 
reg__205: ahb3lite_sram1rw, 
logic__385: ahb3lite_sram1rw, 
logic__6: Zybo_Z7_top__GC0, 
logic__267: Zybo_Z7_top__GC0, 
logic__1160: ahb3lite_sram1rw, 
logic__451: ahb3lite_sram1rw, 
reg__988: ahb3lite_sram1rw, 
reg__786: ahb3lite_sram1rw, 
reg__1010: ahb3lite_sram1rw, 
logic__921: ahb3lite_sram1rw, 
muxpart__195: ahb3lite_sram1rw, 
logic__104: Zybo_Z7_top__GC0, 
reg__976: ahb3lite_sram1rw, 
reg__518: ahb3lite_sram1rw, 
muxpart__14: Zybo_Z7_top__GC0, 
reg__879: ahb3lite_sram1rw, 
logic__544: ahb3lite_sram1rw, 
logic__404: ahb3lite_sram1rw, 
muxpart__64: ahb3lite_sram1rw, 
reg__609: ahb3lite_sram1rw, 
reg__494: ahb3lite_sram1rw, 
logic__1276: ahb3lite_sram1rw, 
reg__1001: ahb3lite_sram1rw, 
logic__1542: ahb3lite_sram1rw, 
reg__937: ahb3lite_sram1rw, 
logic__420: ahb3lite_sram1rw, 
logic__202: Zybo_Z7_top__GC0, 
case__8: Zybo_Z7_top__GC0, 
logic__1862: ahb3lite_sram1rw, 
reg__294: ahb3lite_sram1rw, 
logic__480: ahb3lite_sram1rw, 
reg__1070: ahb3lite_sram1rw, 
muxpart__134: ahb3lite_sram1rw, 
logic__371: ahb3lite_sram1rw, 
reg__978: ahb3lite_sram1rw, 
logic__993: ahb3lite_sram1rw, 
logic__176: Zybo_Z7_top__GC0, 
reg__159: ahb3lite_sram1rw, 
muxpart__98: ahb3lite_sram1rw, 
logic__1045: ahb3lite_sram1rw, 
logic__956: ahb3lite_sram1rw, 
logic__398: ahb3lite_sram1rw, 
muxpart__121: ahb3lite_sram1rw, 
logic__1365: ahb3lite_sram1rw, 
logic__1588: ahb3lite_sram1rw, 
reg__420: ahb3lite_sram1rw, 
reg__457: ahb3lite_sram1rw, 
case__77: Zybo_Z7_top__GC0, 
logic__933: ahb3lite_sram1rw, 
logic__475: ahb3lite_sram1rw, 
reg__865: ahb3lite_sram1rw, 
logic__158: Zybo_Z7_top__GC0, 
reg__335: ahb3lite_sram1rw, 
reg__908: ahb3lite_sram1rw, 
logic__425: ahb3lite_sram1rw, 
logic__366: ahb3lite_sram1rw, 
reg__994: ahb3lite_sram1rw, 
reg__82: ahb3lite_sram1rw, 
muxpart__40: Zybo_Z7_top__GC0, 
reg__863: ahb3lite_sram1rw, 
reg__979: ahb3lite_sram1rw, 
logic__1215: ahb3lite_sram1rw, 
logic__1633: ahb3lite_sram1rw, 
logic__1498: ahb3lite_sram1rw, 
case__146: Zybo_Z7_top__GC0, 
logic__640: ahb3lite_sram1rw, 
ecen5593_startercode_ca_core_codasip_startup_ctrl_t: Zybo_Z7_top__GC0, 
logic__1821: ahb3lite_sram1rw, 
logic__1753: ahb3lite_sram1rw, 
reg__825: ahb3lite_sram1rw, 
reg__213: ahb3lite_sram1rw, 
reg__690: ahb3lite_sram1rw, 
reg__867: ahb3lite_sram1rw, 
reg__840: ahb3lite_sram1rw, 
logic__1286: ahb3lite_sram1rw, 
reg__888: ahb3lite_sram1rw, 
reg__982: ahb3lite_sram1rw, 
logic__1330: ahb3lite_sram1rw, 
logic__771: ahb3lite_sram1rw, 
reg__529: ahb3lite_sram1rw, 
logic__354: ahb3lite_sram1rw, 
reg__324: ahb3lite_sram1rw, 
logic__558: ahb3lite_sram1rw, 
muxpart__292: ahb3lite_sram1rw, 
reg__163: ahb3lite_sram1rw, 
reg__354: ahb3lite_sram1rw, 
logic__1647: ahb3lite_sram1rw, 
logic__1108: ahb3lite_sram1rw, 
reg__907: ahb3lite_sram1rw, 
case__153: Zybo_Z7_top__GC0, 
reg__314: ahb3lite_sram1rw, 
reg__930: ahb3lite_sram1rw, 
logic__1850: ahb3lite_sram1rw, 
reg__692: ahb3lite_sram1rw, 
reg__877: ahb3lite_sram1rw, 
muxpart__17: Zybo_Z7_top__GC0, 
reg__796: ahb3lite_sram1rw, 
logic__851: ahb3lite_sram1rw, 
reg__947: ahb3lite_sram1rw, 
logic__199: Zybo_Z7_top__GC0, 
reg__821: ahb3lite_sram1rw, 
logic__479: ahb3lite_sram1rw, 
reg__761: ahb3lite_sram1rw, 
reg__971: ahb3lite_sram1rw, 
reg__576: ahb3lite_sram1rw, 
reg__823: ahb3lite_sram1rw, 
logic__963: ahb3lite_sram1rw, 
reg__844: ahb3lite_sram1rw, 
ecen5593_startercode_ca_core_wb_t: Zybo_Z7_top__GC0, 
case__1: Zybo_Z7_top__GC0, 
reg__448: ahb3lite_sram1rw, 
logic__1413: ahb3lite_sram1rw, 
logic__743: ahb3lite_sram1rw, 
muxpart__72: ahb3lite_sram1rw, 
reg__711: ahb3lite_sram1rw, 
logic__1767: ahb3lite_sram1rw, 
reg__125: ahb3lite_sram1rw, 
case__151: Zybo_Z7_top__GC0, 
case__11: Zybo_Z7_top__GC0, 
reg__190: ahb3lite_sram1rw, 
logic__842: ahb3lite_sram1rw, 
logic__708: ahb3lite_sram1rw, 
muxpart__241: ahb3lite_sram1rw, 
reg__57: ahb3lite_sram1rw, 
datapath__3: Zybo_Z7_top__GC0, 
logic__1378: ahb3lite_sram1rw, 
case__124: ahb3lite_sram1rw, 
reg__741: ahb3lite_sram1rw, 
logic__614: ahb3lite_sram1rw, 
logic__1526: ahb3lite_sram1rw, 
logic__1640: ahb3lite_sram1rw, 
muxpart__82: ahb3lite_sram1rw, 
reg__751: ahb3lite_sram1rw, 
reg__977: ahb3lite_sram1rw, 
logic__991: ahb3lite_sram1rw, 
reg__873: ahb3lite_sram1rw, 
logic__561: ahb3lite_sram1rw, 
logic__1737: ahb3lite_sram1rw, 
logic__1563: ahb3lite_sram1rw, 
logic__1228: ahb3lite_sram1rw, 
logic__298: Zybo_Z7_top__GC0, 
reg__517: ahb3lite_sram1rw, 
logic__713: ahb3lite_sram1rw, 
reg__12: Zybo_Z7_top__GC0, 
reg__1058: ahb3lite_sram1rw, 
logic__332: Zybo_Z7_top__GC0, 
logic__25: Zybo_Z7_top__GC0, 
logic__1660: ahb3lite_sram1rw, 
reg__241: ahb3lite_sram1rw, 
logic__1471: ahb3lite_sram1rw, 
logic__375: ahb3lite_sram1rw, 
reg__454: ahb3lite_sram1rw, 
muxpart__181: ahb3lite_sram1rw, 
logic__969: ahb3lite_sram1rw, 
reg__560: ahb3lite_sram1rw, 
logic__669: ahb3lite_sram1rw, 
logic__183: Zybo_Z7_top__GC0, 
logic__1686: ahb3lite_sram1rw, 
reg__286: ahb3lite_sram1rw, 
reg__651: ahb3lite_sram1rw, 
logic__1210: ahb3lite_sram1rw, 
logic__1926: Zybo_Z7_top__GC0, 
muxpart__67: ahb3lite_sram1rw, 
muxpart__153: ahb3lite_sram1rw, 
reg__599: ahb3lite_sram1rw, 
logic__1311: ahb3lite_sram1rw, 
logic__1298: ahb3lite_sram1rw, 
logic__1682: ahb3lite_sram1rw, 
logic__1923: Zybo_Z7_top__GC0, 
logic__228: Zybo_Z7_top__GC0, 
reg__1042: ahb3lite_sram1rw, 
reg__1067: ahb3lite_sram1rw, 
reg__243: ahb3lite_sram1rw, 
logic__61: Zybo_Z7_top__GC0, 
reg__1040: ahb3lite_sram1rw, 
reg__218: ahb3lite_sram1rw, 
logic__1248: ahb3lite_sram1rw, 
logic__1441: ahb3lite_sram1rw, 
logic__513: ahb3lite_sram1rw, 
reg__400: ahb3lite_sram1rw, 
logic__1042: ahb3lite_sram1rw, 
muxpart__79: ahb3lite_sram1rw, 
logic__1627: ahb3lite_sram1rw, 
logic__1124: ahb3lite_sram1rw, 
logic__1632: ahb3lite_sram1rw, 
muxpart__86: ahb3lite_sram1rw, 
logic__555: ahb3lite_sram1rw, 
reg__181: ahb3lite_sram1rw, 
logic__1861: ahb3lite_sram1rw, 
logic__1167: ahb3lite_sram1rw, 
logic__9: Zybo_Z7_top__GC0, 
logic__1458: ahb3lite_sram1rw, 
logic__1668: ahb3lite_sram1rw, 
logic__1166: ahb3lite_sram1rw, 
logic__1324: ahb3lite_sram1rw, 
logic__1884: ahb3lite_sram1rw, 
reg__1017: ahb3lite_sram1rw, 
reg__524: ahb3lite_sram1rw, 
logic__802: ahb3lite_sram1rw, 
logic__1638: ahb3lite_sram1rw, 
logic__1476: ahb3lite_sram1rw, 
logic__427: ahb3lite_sram1rw, 
reg__550: ahb3lite_sram1rw, 
muxpart__182: ahb3lite_sram1rw, 
muxpart__223: ahb3lite_sram1rw, 
muxpart__253: ahb3lite_sram1rw, 
logic__1825: ahb3lite_sram1rw, 
reg__980: ahb3lite_sram1rw, 
reg__242: ahb3lite_sram1rw, 
reg__666: ahb3lite_sram1rw, 
muxpart__37: Zybo_Z7_top__GC0, 
logic__1659: ahb3lite_sram1rw, 
logic__1395: ahb3lite_sram1rw, 
logic__946: ahb3lite_sram1rw, 
logic__1315: ahb3lite_sram1rw, 
logic__831: ahb3lite_sram1rw, 
logic__1725: ahb3lite_sram1rw, 
logic__723: ahb3lite_sram1rw, 
reg__358: ahb3lite_sram1rw, 
logic__1555: ahb3lite_sram1rw, 
logic__259: Zybo_Z7_top__GC0, 
logic__384: ahb3lite_sram1rw, 
muxpart__73: ahb3lite_sram1rw, 
logic__1091: ahb3lite_sram1rw, 
logic__338: ahb3lite_sram1rw, 
reg__186: ahb3lite_sram1rw, 
logic__213: Zybo_Z7_top__GC0, 
reg__679: ahb3lite_sram1rw, 
logic__961: ahb3lite_sram1rw, 
logic__1846: ahb3lite_sram1rw, 
logic__759: ahb3lite_sram1rw, 
reg__775: ahb3lite_sram1rw, 
logic__1813: ahb3lite_sram1rw, 
reg__235: ahb3lite_sram1rw, 
logic__1718: ahb3lite_sram1rw, 
logic__1824: ahb3lite_sram1rw, 
logic__514: ahb3lite_sram1rw, 
reg__852: ahb3lite_sram1rw, 
reg__813: ahb3lite_sram1rw, 
logic__653: ahb3lite_sram1rw, 
reg__234: ahb3lite_sram1rw, 
logic__401: ahb3lite_sram1rw, 
reg__992: ahb3lite_sram1rw, 
reg__46: ahb3lite_sram1rw, 
logic__1142: ahb3lite_sram1rw, 
reg__350: ahb3lite_sram1rw, 
case__32: Zybo_Z7_top__GC0, 
muxpart__206: ahb3lite_sram1rw, 
reg__477: ahb3lite_sram1rw, 
logic__860: ahb3lite_sram1rw, 
d_ff_rst_we_stall_clr_t__parameterized0: Zybo_Z7_top__GC0, 
logic__1598: ahb3lite_sram1rw, 
muxpart__61: ahb3lite_sram1rw, 
reg__280: ahb3lite_sram1rw, 
muxpart__217: ahb3lite_sram1rw, 
logic__516: ahb3lite_sram1rw, 
logic__515: ahb3lite_sram1rw, 
reg__913: ahb3lite_sram1rw, 
logic__1473: ahb3lite_sram1rw, 
logic__208: Zybo_Z7_top__GC0, 
reg__392: ahb3lite_sram1rw, 
reg__11: Zybo_Z7_top__GC0, 
logic__422: ahb3lite_sram1rw, 
logic__1194: ahb3lite_sram1rw, 
logic__1617: ahb3lite_sram1rw, 
reg__479: ahb3lite_sram1rw, 
logic__242: Zybo_Z7_top__GC0, 
logic__1447: ahb3lite_sram1rw, 
reg__652: ahb3lite_sram1rw, 
reg__107: ahb3lite_sram1rw, 
logic__994: ahb3lite_sram1rw, 
reg__54: ahb3lite_sram1rw, 
reg__1062: ahb3lite_sram1rw, 
logic__1191: ahb3lite_sram1rw, 
logic__659: ahb3lite_sram1rw, 
logic__1118: ahb3lite_sram1rw, 
logic__1376: ahb3lite_sram1rw, 
muxpart__291: ahb3lite_sram1rw, 
reg__387: ahb3lite_sram1rw, 
logic__1665: ahb3lite_sram1rw, 
reg__362: ahb3lite_sram1rw, 
logic__1495: ahb3lite_sram1rw, 
logic__769: ahb3lite_sram1rw, 
reg__548: ahb3lite_sram1rw, 
reg__662: ahb3lite_sram1rw, 
logic__845: ahb3lite_sram1rw, 
logic__1618: ahb3lite_sram1rw, 
reg__783: ahb3lite_sram1rw, 
logic__1562: ahb3lite_sram1rw, 
logic__856: ahb3lite_sram1rw, 
reg__199: ahb3lite_sram1rw, 
logic__1796: ahb3lite_sram1rw, 
logic__1504: ahb3lite_sram1rw, 
logic__1078: ahb3lite_sram1rw, 
reg__352: ahb3lite_sram1rw, 
reg__440: ahb3lite_sram1rw, 
logic__232: Zybo_Z7_top__GC0, 
ecen5593_startercode_ca_core_ex_output_t: Zybo_Z7_top__GC0, 
logic__1084: ahb3lite_sram1rw, 
logic__1176: ahb3lite_sram1rw, 
reg__639: ahb3lite_sram1rw, 
logic__1446: ahb3lite_sram1rw, 
muxpart__275: ahb3lite_sram1rw, 
reg__927: ahb3lite_sram1rw, 
logic__1927: Zybo_Z7_top__GC0, 
case__54: Zybo_Z7_top__GC0, 
logic__1857: ahb3lite_sram1rw, 
reg__983: ahb3lite_sram1rw, 
reg__291: ahb3lite_sram1rw, 
muxpart__190: ahb3lite_sram1rw, 
reg__1027: ahb3lite_sram1rw, 
logic__1066: ahb3lite_sram1rw, 
logic__677: ahb3lite_sram1rw, 
logic__597: ahb3lite_sram1rw, 
reg__933: ahb3lite_sram1rw, 
reg__704: ahb3lite_sram1rw, 
reg__695: ahb3lite_sram1rw, 
logic__350: ahb3lite_sram1rw, 
logic__877: ahb3lite_sram1rw, 
logic__394: ahb3lite_sram1rw, 
reg__475: ahb3lite_sram1rw, 
muxpart__197: ahb3lite_sram1rw, 
reg__542: ahb3lite_sram1rw, 
reg__799: ahb3lite_sram1rw, 
reg__831: ahb3lite_sram1rw, 
logic__1675: ahb3lite_sram1rw, 
reg__366: ahb3lite_sram1rw, 
logic__606: ahb3lite_sram1rw, 
logic__1030: ahb3lite_sram1rw, 
reg__126: ahb3lite_sram1rw, 
reg__342: ahb3lite_sram1rw, 
case__161: Zybo_Z7_top__GC0, 
logic__1530: ahb3lite_sram1rw, 
logic__1178: ahb3lite_sram1rw, 
logic__1581: ahb3lite_sram1rw, 
logic__1461: ahb3lite_sram1rw, 
muxpart__136: ahb3lite_sram1rw, 
reg__473: ahb3lite_sram1rw, 
logic__201: Zybo_Z7_top__GC0, 
reg__526: ahb3lite_sram1rw, 
reg__492: ahb3lite_sram1rw, 
logic__736: ahb3lite_sram1rw, 
logic__1200: ahb3lite_sram1rw, 
logic__1833: ahb3lite_sram1rw, 
logic__841: ahb3lite_sram1rw, 
reg__247: ahb3lite_sram1rw, 
logic__344: ahb3lite_sram1rw, 
case__18: Zybo_Z7_top__GC0, 
logic__548: ahb3lite_sram1rw, 
reg__882: ahb3lite_sram1rw, 
logic__964: ahb3lite_sram1rw, 
reg__337: ahb3lite_sram1rw, 
muxpart__302: ahb3lite_sram1rw, 
logic__1477: ahb3lite_sram1rw, 
reg__657: ahb3lite_sram1rw, 
logic__266: Zybo_Z7_top__GC0, 
reg__575: ahb3lite_sram1rw, 
reg: Zybo_Z7_top__GC0, 
logic__1089: ahb3lite_sram1rw, 
logic__1663: ahb3lite_sram1rw, 
logic__1079: ahb3lite_sram1rw, 
logic__1513: ahb3lite_sram1rw, 
logic__1125: ahb3lite_sram1rw, 
muxpart__26: Zybo_Z7_top__GC0, 
logic__28: Zybo_Z7_top__GC0, 
logic__490: ahb3lite_sram1rw, 
reg__287: ahb3lite_sram1rw, 
reg__769: ahb3lite_sram1rw, 
reg__660: ahb3lite_sram1rw, 
reg__499: ahb3lite_sram1rw, 
logic__1963: Zybo_Z7_top__GC0, 
logic__995: ahb3lite_sram1rw, 
reg__1012: ahb3lite_sram1rw, 
logic__680: ahb3lite_sram1rw, 
case__57: Zybo_Z7_top__GC0, 
logic__360: ahb3lite_sram1rw, 
reg__592: ahb3lite_sram1rw, 
muxpart__252: ahb3lite_sram1rw, 
reg__49: ahb3lite_sram1rw, 
reg__1050: ahb3lite_sram1rw, 
reg__934: ahb3lite_sram1rw, 
muxpart__85: ahb3lite_sram1rw, 
reg__63: ahb3lite_sram1rw, 
reg__910: ahb3lite_sram1rw, 
reg__1073: ahb3lite_sram1rw, 
reg__436: ahb3lite_sram1rw, 
logic__693: ahb3lite_sram1rw, 
reg__776: ahb3lite_sram1rw, 
logic__666: ahb3lite_sram1rw, 
reg__164: ahb3lite_sram1rw, 
logic__1584: ahb3lite_sram1rw, 
muxpart__169: ahb3lite_sram1rw, 
logic__380: ahb3lite_sram1rw, 
case__37: Zybo_Z7_top__GC0, 
muxpart__256: ahb3lite_sram1rw, 
logic__248: Zybo_Z7_top__GC0, 
logic__1837: ahb3lite_sram1rw, 
reg__359: ahb3lite_sram1rw, 
reg__665: ahb3lite_sram1rw, 
reg__949: ahb3lite_sram1rw, 
reg__316: ahb3lite_sram1rw, 
logic__287: Zybo_Z7_top__GC0, 
logic__1155: ahb3lite_sram1rw, 
logic__1519: ahb3lite_sram1rw, 
logic__915: ahb3lite_sram1rw, 
reg__956: ahb3lite_sram1rw, 
logic__552: ahb3lite_sram1rw, 
reg__124: ahb3lite_sram1rw, 
reg__71: ahb3lite_sram1rw, 
logic__1610: ahb3lite_sram1rw, 
logic__536: ahb3lite_sram1rw, 
logic__812: ahb3lite_sram1rw, 
logic__477: ahb3lite_sram1rw, 
logic__1683: ahb3lite_sram1rw, 
datapath__20: ahb3lite_sram1rw, 
reg__196: ahb3lite_sram1rw, 
reg__195: ahb3lite_sram1rw, 
reg__489: ahb3lite_sram1rw, 
reg__981: ahb3lite_sram1rw, 
logic__1291: ahb3lite_sram1rw, 
logic__1494: ahb3lite_sram1rw, 
logic__1043: ahb3lite_sram1rw, 
logic__836: ahb3lite_sram1rw, 
reg__373: ahb3lite_sram1rw, 
reg__902: ahb3lite_sram1rw, 
logic__1321: ahb3lite_sram1rw, 
reg__278: ahb3lite_sram1rw, 
muxpart__207: ahb3lite_sram1rw, 
logic__1070: ahb3lite_sram1rw, 
reg__469: ahb3lite_sram1rw, 
case__60: Zybo_Z7_top__GC0, 
reg__433: ahb3lite_sram1rw, 
logic__556: ahb3lite_sram1rw, 
logic__456: ahb3lite_sram1rw, 
muxpart__301: ahb3lite_sram1rw, 
reg__484: ahb3lite_sram1rw, 
logic__1240: ahb3lite_sram1rw, 
logic__1112: ahb3lite_sram1rw, 
reg__611: ahb3lite_sram1rw, 
reg__282: ahb3lite_sram1rw, 
logic__124: Zybo_Z7_top__GC0, 
logic__761: ahb3lite_sram1rw, 
logic__1352: ahb3lite_sram1rw, 
logic__1806: ahb3lite_sram1rw, 
reg__91: ahb3lite_sram1rw, 
reg__866: ahb3lite_sram1rw, 
logic__702: ahb3lite_sram1rw, 
logic__263: Zybo_Z7_top__GC0, 
reg__647: ahb3lite_sram1rw, 
reg__386: ahb3lite_sram1rw, 
case__49: Zybo_Z7_top__GC0, 
logic__950: ahb3lite_sram1rw, 
logic__459: ahb3lite_sram1rw, 
reg__193: ahb3lite_sram1rw, 
reg__712: ahb3lite_sram1rw, 
muxpart__285: ahb3lite_sram1rw, 
reg__707: ahb3lite_sram1rw, 
logic__320: Zybo_Z7_top__GC0, 
logic__741: ahb3lite_sram1rw, 
logic__737: ahb3lite_sram1rw, 
reg__1046: ahb3lite_sram1rw, 
reg__411: ahb3lite_sram1rw, 
reg__59: ahb3lite_sram1rw, 
logic__1422: ahb3lite_sram1rw, 
muxpart__155: ahb3lite_sram1rw, 
reg__698: ahb3lite_sram1rw, 
datapath__1: Zybo_Z7_top__GC0, 
logic__1925: Zybo_Z7_top__GC0, 
d_ff_rst_we_t__parameterized0: Zybo_Z7_top__GC0, 
reg__944: ahb3lite_sram1rw, 
logic__715: ahb3lite_sram1rw, 
ecen5593_startercode_ca_core_dec_t: Zybo_Z7_top__GC0, 
muxpart__240: ahb3lite_sram1rw, 
logic__1322: ahb3lite_sram1rw, 
reg__325: ahb3lite_sram1rw, 
logic__1335: ahb3lite_sram1rw, 
muxpart__298: ahb3lite_sram1rw, 
reg__624: ahb3lite_sram1rw, 
logic__1543: ahb3lite_sram1rw, 
logic__1246: ahb3lite_sram1rw, 
logic__628: ahb3lite_sram1rw, 
logic__1645: ahb3lite_sram1rw, 
logic__651: ahb3lite_sram1rw, 
reg__788: ahb3lite_sram1rw, 
reg__672: ahb3lite_sram1rw, 
reg__5: Zybo_Z7_top__GC0, 
logic__419: ahb3lite_sram1rw, 
logic__1670: ahb3lite_sram1rw, 
reg__98: ahb3lite_sram1rw, 
reg__820: ahb3lite_sram1rw, 
logic__1209: ahb3lite_sram1rw, 
logic__1879: ahb3lite_sram1rw, 
logic__1748: ahb3lite_sram1rw, 
logic__562: ahb3lite_sram1rw, 
muxpart__124: ahb3lite_sram1rw, 
reg__996: ahb3lite_sram1rw, 
muxpart__57: ahb3lite_sram1rw, 
reg__656: ahb3lite_sram1rw, 
reg__648: ahb3lite_sram1rw, 
reg__301: ahb3lite_sram1rw, 
muxpart__42: Zybo_Z7_top__GC0, 
logic__435: ahb3lite_sram1rw, 
reg__328: ahb3lite_sram1rw, 
logic__818: ahb3lite_sram1rw, 
reg__149: ahb3lite_sram1rw, 
logic__1428: ahb3lite_sram1rw, 
reg__194: ahb3lite_sram1rw, 
logic__999: ahb3lite_sram1rw, 
reg__443: ahb3lite_sram1rw, 
logic__716: ahb3lite_sram1rw, 
reg__614: ahb3lite_sram1rw, 
muxpart__209: ahb3lite_sram1rw, 
reg__1066: ahb3lite_sram1rw, 
reg__447: ahb3lite_sram1rw, 
reg__593: ahb3lite_sram1rw, 
logic__1015: ahb3lite_sram1rw, 
logic__681: ahb3lite_sram1rw, 
logic__1254: ahb3lite_sram1rw, 
case__6: Zybo_Z7_top__GC0, 
logic__1503: ahb3lite_sram1rw, 
logic__75: Zybo_Z7_top__GC0, 
logic__196: Zybo_Z7_top__GC0, 
logic__1831: ahb3lite_sram1rw, 
reg__809: ahb3lite_sram1rw, 
reg__743: ahb3lite_sram1rw, 
reg__203: ahb3lite_sram1rw, 
muxpart__76: ahb3lite_sram1rw, 
logic__108: Zybo_Z7_top__GC0, 
reg__374: ahb3lite_sram1rw, 
reg__27: Zybo_Z7_top__GC0, 
logic__730: ahb3lite_sram1rw, 
logic__835: ahb3lite_sram1rw, 
logic__381: ahb3lite_sram1rw, 
logic__1452: ahb3lite_sram1rw, 
case__63: Zybo_Z7_top__GC0, 
logic__1101: ahb3lite_sram1rw, 
reg__227: ahb3lite_sram1rw, 
muxpart__305: ahb3lite_sram1rw, 
logic__1371: ahb3lite_sram1rw, 
logic__96: Zybo_Z7_top__GC0, 
reg__10: Zybo_Z7_top__GC0, 
logic__566: ahb3lite_sram1rw, 
logic__670: ahb3lite_sram1rw, 
reg__885: ahb3lite_sram1rw, 
reg__964: ahb3lite_sram1rw, 
reg__32: Zybo_Z7_top__GC0, 
reg__491: ahb3lite_sram1rw, 
logic__442: ahb3lite_sram1rw, 
muxpart__23: Zybo_Z7_top__GC0, 
logic__803: ahb3lite_sram1rw, 
logic__466: ahb3lite_sram1rw, 
logic__1800: ahb3lite_sram1rw, 
logic__705: ahb3lite_sram1rw, 
reg__925: ahb3lite_sram1rw, 
case__44: Zybo_Z7_top__GC0, 
reg__290: ahb3lite_sram1rw, 
reg__252: ahb3lite_sram1rw, 
reg__298: ahb3lite_sram1rw, 
logic__674: ahb3lite_sram1rw, 
logic__355: ahb3lite_sram1rw, 
muxpart__41: Zybo_Z7_top__GC0, 
reg__968: ahb3lite_sram1rw, 
reg__488: ahb3lite_sram1rw, 
logic__630: ahb3lite_sram1rw, 
logic__316: Zybo_Z7_top__GC0, 
logic__727: ahb3lite_sram1rw, 
logic__471: ahb3lite_sram1rw, 
muxpart__170: ahb3lite_sram1rw, 
reg__412: ahb3lite_sram1rw, 
reg__754: ahb3lite_sram1rw, 
reg__846: ahb3lite_sram1rw, 
logic__1603: ahb3lite_sram1rw, 
reg__598: ahb3lite_sram1rw, 
logic__725: ahb3lite_sram1rw, 
reg__985: ahb3lite_sram1rw, 
logic__696: ahb3lite_sram1rw, 
reg__472: ahb3lite_sram1rw, 
datapath__9: Zybo_Z7_top__GC0, 
reg__757: ahb3lite_sram1rw, 
reg__421: ahb3lite_sram1rw, 
rl_ram_1r1w_generic: ahb3lite_sram1rw, 
muxpart__116: ahb3lite_sram1rw, 
logic__1117: ahb3lite_sram1rw, 
logic__165: Zybo_Z7_top__GC0, 
reg__943: ahb3lite_sram1rw, 
logic__3: Zybo_Z7_top__GC0, 
reg__104: ahb3lite_sram1rw, 
case__25: Zybo_Z7_top__GC0, 
muxpart__59: ahb3lite_sram1rw, 
logic__1636: ahb3lite_sram1rw, 
logic__251: Zybo_Z7_top__GC0, 
reg__228: ahb3lite_sram1rw, 
reg__536: ahb3lite_sram1rw, 
reg__1072: ahb3lite_sram1rw, 
reg__510: ahb3lite_sram1rw, 
logic__379: ahb3lite_sram1rw, 
logic__378: ahb3lite_sram1rw, 
logic__1346: ahb3lite_sram1rw, 
logic__618: ahb3lite_sram1rw, 
logic__1558: ahb3lite_sram1rw, 
logic__91: Zybo_Z7_top__GC0, 
logic__1658: ahb3lite_sram1rw, 
logic__1843: ahb3lite_sram1rw, 
logic__1743: ahb3lite_sram1rw, 
reg__883: ahb3lite_sram1rw, 
reg__1035: ahb3lite_sram1rw, 
reg__446: ahb3lite_sram1rw, 
logic__1921: Zybo_Z7_top__GC0, 
reg__1074: ahb3lite_sram1rw, 
logic__1639: ahb3lite_sram1rw, 
logic__257: Zybo_Z7_top__GC0, 
logic__1695: ahb3lite_sram1rw, 
logic__572: ahb3lite_sram1rw, 
reg__887: ahb3lite_sram1rw, 
logic__560: ahb3lite_sram1rw, 
reg__336: ahb3lite_sram1rw, 
reg__138: ahb3lite_sram1rw, 
logic__981: ahb3lite_sram1rw, 
reg__941: ahb3lite_sram1rw, 
logic__1899: ahb3lite_sram1rw, 
reg__1004: ahb3lite_sram1rw, 
logic__754: ahb3lite_sram1rw, 
logic__1051: ahb3lite_sram1rw, 
case__156: Zybo_Z7_top__GC0, 
reg__455: ahb3lite_sram1rw, 
case__38: Zybo_Z7_top__GC0, 
reg__51: ahb3lite_sram1rw, 
logic__526: ahb3lite_sram1rw, 
muxpart__68: ahb3lite_sram1rw, 
reg__911: ahb3lite_sram1rw, 
logic__605: ahb3lite_sram1rw, 
muxpart__5: Zybo_Z7_top__GC0, 
logic__431: ahb3lite_sram1rw, 
logic__1114: ahb3lite_sram1rw, 
reg__559: ahb3lite_sram1rw, 
logic__763: ahb3lite_sram1rw, 
logic__1456: ahb3lite_sram1rw, 
reg__76: ahb3lite_sram1rw, 
logic__1251: ahb3lite_sram1rw, 
logic__1189: ahb3lite_sram1rw, 
logic__1922: Zybo_Z7_top__GC0, 
logic__824: ahb3lite_sram1rw, 
logic__1404: ahb3lite_sram1rw, 
reg__784: ahb3lite_sram1rw, 
muxpart__118: ahb3lite_sram1rw, 
muxpart__200: ahb3lite_sram1rw, 
reg__207: ahb3lite_sram1rw, 
logic__795: ahb3lite_sram1rw, 
logic__278: Zybo_Z7_top__GC0, 
reg__33: Zybo_Z7_top__GC0, 
ecen5593_startercode_ca_core_id_output_t: Zybo_Z7_top__GC0, 
reg__58: ahb3lite_sram1rw, 
reg__275: ahb3lite_sram1rw, 
logic__1550: ahb3lite_sram1rw, 
reg__429: ahb3lite_sram1rw, 
logic__341: ahb3lite_sram1rw, 
reg__1028: ahb3lite_sram1rw, 
reg__1023: ahb3lite_sram1rw, 
logic__1208: ahb3lite_sram1rw, 
reg__807: ahb3lite_sram1rw, 
reg__696: ahb3lite_sram1rw, 
reg__496: ahb3lite_sram1rw, 
reg__355: ahb3lite_sram1rw, 
logic__164: Zybo_Z7_top__GC0, 
muxpart__242: ahb3lite_sram1rw, 
logic__1789: ahb3lite_sram1rw, 
logic__1521: ahb3lite_sram1rw, 
reg__836: ahb3lite_sram1rw, 
reg__296: ahb3lite_sram1rw, 
logic__1729: ahb3lite_sram1rw, 
reg__135: ahb3lite_sram1rw, 
muxpart__198: ahb3lite_sram1rw, 
logic__1359: ahb3lite_sram1rw, 
reg__571: ahb3lite_sram1rw, 
reg__811: ahb3lite_sram1rw, 
logic__1384: ahb3lite_sram1rw, 
logic__1368: ahb3lite_sram1rw, 
reg__745: ahb3lite_sram1rw, 
muxpart__251: ahb3lite_sram1rw, 
reg__768: ahb3lite_sram1rw, 
logic__441: ahb3lite_sram1rw, 
logic__1436: ahb3lite_sram1rw, 
logic__890: ahb3lite_sram1rw, 
muxpart__60: ahb3lite_sram1rw, 
reg__569: ahb3lite_sram1rw, 
logic__192: Zybo_Z7_top__GC0, 
logic__1741: ahb3lite_sram1rw, 
reg__953: ahb3lite_sram1rw, 
muxpart__139: ahb3lite_sram1rw, 
case__119: ahb3lite_sram1rw, 
reg__1033: ahb3lite_sram1rw, 
logic__1919: Zybo_Z7_top__GC0, 
logic__1033: ahb3lite_sram1rw, 
logic__1204: ahb3lite_sram1rw, 
logic__817: ahb3lite_sram1rw, 
reg__1021: ahb3lite_sram1rw, 
logic__461: ahb3lite_sram1rw, 
reg__805: ahb3lite_sram1rw, 
muxpart__49: ahb3lite_sram1rw, 
muxpart__95: ahb3lite_sram1rw, 
reg__192: ahb3lite_sram1rw, 
logic__1438: ahb3lite_sram1rw, 
logic__457: ahb3lite_sram1rw, 
reg__773: ahb3lite_sram1rw, 
logic__481: ahb3lite_sram1rw, 
reg__1000: ahb3lite_sram1rw, 
logic__1224: ahb3lite_sram1rw, 
muxpart__283: ahb3lite_sram1rw, 
reg__16: Zybo_Z7_top__GC0, 
reg__762: ahb3lite_sram1rw, 
logic__965: ahb3lite_sram1rw, 
logic__734: ahb3lite_sram1rw, 
logic__1801: ahb3lite_sram1rw, 
reg__254: ahb3lite_sram1rw, 
muxpart__248: ahb3lite_sram1rw, 
logic__67: Zybo_Z7_top__GC0, 
logic__1036: ahb3lite_sram1rw, 
logic__517: ahb3lite_sram1rw, 
case__123: ahb3lite_sram1rw, 
reg__581: ahb3lite_sram1rw, 
logic__463: ahb3lite_sram1rw, 
logic__1815: ahb3lite_sram1rw, 
logic__1405: ahb3lite_sram1rw, 
logic__1597: ahb3lite_sram1rw, 
datapath__21: ahb3lite_sram1rw, 
logic__157: Zybo_Z7_top__GC0, 
logic__1063: ahb3lite_sram1rw, 
reg__579: ahb3lite_sram1rw, 
reg__730: ahb3lite_sram1rw, 
reg__171: ahb3lite_sram1rw, 
case__46: Zybo_Z7_top__GC0, 
logic__421: ahb3lite_sram1rw, 
reg__919: ahb3lite_sram1rw, 
reg__540: ahb3lite_sram1rw, 
reg__255: ahb3lite_sram1rw, 
reg__74: ahb3lite_sram1rw, 
logic__1700: ahb3lite_sram1rw, 
logic__433: ahb3lite_sram1rw, 
reg__856: ahb3lite_sram1rw, 
reg__899: ahb3lite_sram1rw, 
logic__926: ahb3lite_sram1rw, 
logic__1712: ahb3lite_sram1rw, 
logic__372: ahb3lite_sram1rw, 
muxpart__277: ahb3lite_sram1rw, 
logic__507: ahb3lite_sram1rw, 
muxpart__15: Zybo_Z7_top__GC0, 
logic__1407: ahb3lite_sram1rw, 
reg__490: ahb3lite_sram1rw, 
reg__567: ahb3lite_sram1rw, 
logic__1053: ahb3lite_sram1rw, 
logic__1158: ahb3lite_sram1rw, 
logic__357: ahb3lite_sram1rw, 
logic__819: ahb3lite_sram1rw, 
logic__920: ahb3lite_sram1rw, 
reg__1069: ahb3lite_sram1rw, 
reg__1015: ahb3lite_sram1rw, 
reg__367: ahb3lite_sram1rw, 
reg__1053: ahb3lite_sram1rw, 
muxpart__108: ahb3lite_sram1rw, 
reg__156: ahb3lite_sram1rw, 
reg__634: ahb3lite_sram1rw, 
reg__37: Zybo_Z7_top__GC0, 
logic__711: ahb3lite_sram1rw, 
reg__405: ahb3lite_sram1rw, 
logic__1327: ahb3lite_sram1rw, 
logic__1533: ahb3lite_sram1rw, 
reg__306: ahb3lite_sram1rw, 
logic__902: ahb3lite_sram1rw, 
reg__322: ahb3lite_sram1rw, 
reg__601: ahb3lite_sram1rw, 
reg__827: ahb3lite_sram1rw, 
muxpart__63: ahb3lite_sram1rw, 
reg__600: ahb3lite_sram1rw, 
logic__1479: ahb3lite_sram1rw, 
logic__599: ahb3lite_sram1rw, 
reg__916: ahb3lite_sram1rw, 
logic__733: ahb3lite_sram1rw, 
logic__1478: ahb3lite_sram1rw, 
logic__934: ahb3lite_sram1rw, 
logic__1116: ahb3lite_sram1rw, 
logic__1680: ahb3lite_sram1rw, 
logic__896: ahb3lite_sram1rw, 
reg__755: ahb3lite_sram1rw, 
logic__212: Zybo_Z7_top__GC0, 
logic__156: Zybo_Z7_top__GC0, 
logic__1812: ahb3lite_sram1rw, 
reg__360: ahb3lite_sram1rw, 
logic__1031: ahb3lite_sram1rw, 
reg__257: ahb3lite_sram1rw, 
logic__867: ahb3lite_sram1rw, 
logic__1626: ahb3lite_sram1rw, 
reg__878: ahb3lite_sram1rw, 
logic__1099: ahb3lite_sram1rw, 
reg__1002: ahb3lite_sram1rw, 
logic__885: ahb3lite_sram1rw, 
reg__830: ahb3lite_sram1rw, 
reg__249: ahb3lite_sram1rw, 
reg__384: ahb3lite_sram1rw, 
logic__468: ahb3lite_sram1rw, 
reg__1029: ahb3lite_sram1rw, 
muxpart__293: ahb3lite_sram1rw, 
logic__735: ahb3lite_sram1rw, 
logic__550: ahb3lite_sram1rw, 
logic__575: ahb3lite_sram1rw, 
logic__1782: ahb3lite_sram1rw, 
logic__1566: ahb3lite_sram1rw, 
logic__1037: ahb3lite_sram1rw, 
reg__606: ahb3lite_sram1rw, 
logic__1720: ahb3lite_sram1rw, 
logic__1856: ahb3lite_sram1rw, 
reg__914: ahb3lite_sram1rw, 
reg__435: ahb3lite_sram1rw, 
logic__826: ahb3lite_sram1rw, 
muxpart__2: Zybo_Z7_top__GC0, 
logic__1852: ahb3lite_sram1rw, 
logic__1064: ahb3lite_sram1rw, 
logic__282: Zybo_Z7_top__GC0, 
reg__920: ahb3lite_sram1rw, 
logic__710: ahb3lite_sram1rw, 
d_ff_rst_we_stall_clr_t__parameterized4: Zybo_Z7_top__GC0, 
muxpart__115: ahb3lite_sram1rw, 
logic__1006: ahb3lite_sram1rw, 
reg__77: ahb3lite_sram1rw, 
logic__1122: ahb3lite_sram1rw, 
logic__1735: ahb3lite_sram1rw, 
logic__226: Zybo_Z7_top__GC0, 
reg__577: ahb3lite_sram1rw, 
logic__849: ahb3lite_sram1rw, 
logic__520: ahb3lite_sram1rw, 
logic__508: ahb3lite_sram1rw, 
reg__274: ahb3lite_sram1rw, 
logic__1190: ahb3lite_sram1rw, 
logic__1353: ahb3lite_sram1rw, 
reg__1060: ahb3lite_sram1rw, 
logic__1338: ahb3lite_sram1rw, 
reg__166: ahb3lite_sram1rw, 
case__53: Zybo_Z7_top__GC0, 
logic__367: ahb3lite_sram1rw, 
reg__558: ahb3lite_sram1rw, 
reg__185: ahb3lite_sram1rw, 
reg__55: ahb3lite_sram1rw, 
logic__1126: ahb3lite_sram1rw, 
logic__1915: Zybo_Z7_top__GC0, 
logic__1512: ahb3lite_sram1rw, 
case__4: Zybo_Z7_top__GC0, 
muxpart__54: ahb3lite_sram1rw, 
case__149: Zybo_Z7_top__GC0, 
muxpart__12: Zybo_Z7_top__GC0, 
logic__1058: ahb3lite_sram1rw, 
reg__613: ahb3lite_sram1rw, 
reg__162: ahb3lite_sram1rw, 
reg__851: ahb3lite_sram1rw, 
logic__1644: ahb3lite_sram1rw, 
logic__663: ahb3lite_sram1rw, 
logic__1551: ahb3lite_sram1rw, 
reg__845: ahb3lite_sram1rw, 
reg__753: ahb3lite_sram1rw, 
logic__682: ahb3lite_sram1rw, 
reg__108: ahb3lite_sram1rw, 
logic__418: ahb3lite_sram1rw, 
logic__724: ahb3lite_sram1rw, 
reg__262: ahb3lite_sram1rw, 
logic__1549: ahb3lite_sram1rw, 
logic__1774: ahb3lite_sram1rw, 
logic__342: ahb3lite_sram1rw, 
logic__416: ahb3lite_sram1rw, 
logic__944: ahb3lite_sram1rw, 
logic__465: ahb3lite_sram1rw, 
logic__432: ahb3lite_sram1rw, 
ecen5593_startercode_ca_core_fe_t: Zybo_Z7_top__GC0, 
muxpart__91: ahb3lite_sram1rw, 
reg__381: ahb3lite_sram1rw, 
reg__495: ahb3lite_sram1rw, 
logic__799: ahb3lite_sram1rw, 
muxpart__185: ahb3lite_sram1rw, 
logic__1386: ahb3lite_sram1rw, 
logic__1320: ahb3lite_sram1rw, 
logic__1797: ahb3lite_sram1rw, 
muxpart__287: ahb3lite_sram1rw, 
logic__1264: ahb3lite_sram1rw, 
reg__66: ahb3lite_sram1rw, 
case__126: ahb3lite_sram1rw, 
reg__527: ahb3lite_sram1rw, 
reg__1026: ahb3lite_sram1rw, 
logic__931: ahb3lite_sram1rw, 
logic__916: ahb3lite_sram1rw, 
reg__256: ahb3lite_sram1rw, 
logic__779: ahb3lite_sram1rw, 
muxpart__150: ahb3lite_sram1rw, 
reg__561: ahb3lite_sram1rw, 
reg__608: ahb3lite_sram1rw, 
logic__782: ahb3lite_sram1rw, 
ecen5593_startercode_ca_core_me_memory_t: Zybo_Z7_top__GC0, 
logic__1261: ahb3lite_sram1rw, 
reg__584: ahb3lite_sram1rw, 
reg__570: ahb3lite_sram1rw, 
muxpart__290: ahb3lite_sram1rw, 
logic__776: ahb3lite_sram1rw, 
reg__167: ahb3lite_sram1rw, 
logic__238: Zybo_Z7_top__GC0, 
logic__1507: ahb3lite_sram1rw, 
datapath__22: ahb3lite_sram1rw, 
logic__974: ahb3lite_sram1rw, 
d_ff_rst_we_t__parameterized1: Zybo_Z7_top__GC0, 
logic__953: ahb3lite_sram1rw, 
logic__1188: ahb3lite_sram1rw, 
logic__1137: ahb3lite_sram1rw, 
logic__426: ahb3lite_sram1rw, 
logic__689: ahb3lite_sram1rw, 
logic__952: ahb3lite_sram1rw, 
reg__165: ahb3lite_sram1rw, 
logic__1129: ahb3lite_sram1rw, 
logic__644: ahb3lite_sram1rw, 
logic__1156: ahb3lite_sram1rw, 
reg__30: Zybo_Z7_top__GC0, 
logic__1203: ahb3lite_sram1rw, 
logic__700: ahb3lite_sram1rw, 
logic__1171: ahb3lite_sram1rw, 
logic__805: ahb3lite_sram1rw, 
muxpart__234: ahb3lite_sram1rw, 
muxpart__138: ahb3lite_sram1rw, 
logic__1420: ahb3lite_sram1rw, 
muxpart__74: ahb3lite_sram1rw, 
reg__240: ahb3lite_sram1rw, 
logic__1482: ahb3lite_sram1rw, 
muxpart__110: ahb3lite_sram1rw, 
logic__1671: ahb3lite_sram1rw, 
muxpart__47: Zybo_Z7_top__GC0, 
reg__727: ahb3lite_sram1rw, 
logic__1132: ahb3lite_sram1rw, 
logic__1819: ahb3lite_sram1rw, 
logic__1023: ahb3lite_sram1rw, 
muxpart__123: ahb3lite_sram1rw, 
reg__261: ahb3lite_sram1rw, 
reg__114: ahb3lite_sram1rw, 
logic__790: ahb3lite_sram1rw, 
logic__1130: ahb3lite_sram1rw, 
muxpart__274: ahb3lite_sram1rw, 
reg__283: ahb3lite_sram1rw, 
reg__444: ahb3lite_sram1rw, 
reg__669: ahb3lite_sram1rw, 
muxpart__78: ahb3lite_sram1rw, 
logic__1206: ahb3lite_sram1rw, 
reg__676: ahb3lite_sram1rw, 
logic__622: ahb3lite_sram1rw, 
logic__1536: ahb3lite_sram1rw, 
reg__931: ahb3lite_sram1rw, 
logic__447: ahb3lite_sram1rw, 
muxpart__231: ahb3lite_sram1rw, 
muxpart__244: ahb3lite_sram1rw, 
logic__1690: ahb3lite_sram1rw, 
reg__770: ahb3lite_sram1rw, 
reg__295: ahb3lite_sram1rw, 
reg__798: ahb3lite_sram1rw, 
reg__1038: ahb3lite_sram1rw, 
logic__1834: ahb3lite_sram1rw, 
reg__268: ahb3lite_sram1rw, 
logic__1262: ahb3lite_sram1rw, 
logic__243: Zybo_Z7_top__GC0, 
reg__453: ahb3lite_sram1rw, 
reg__653: ahb3lite_sram1rw, 
logic__1185: ahb3lite_sram1rw, 
reg__343: ahb3lite_sram1rw, 
ecen5593_startercode_ca_core_if_output_t: Zybo_Z7_top__GC0, 
muxpart__261: ahb3lite_sram1rw, 
logic__627: ahb3lite_sram1rw, 
logic__361: ahb3lite_sram1rw, 
logic__1120: ahb3lite_sram1rw, 
logic__311: Zybo_Z7_top__GC0, 
reg__946: ahb3lite_sram1rw, 
logic__1903: ahb3lite_sram1rw, 
muxpart__8: Zybo_Z7_top__GC0, 
logic__1161: ahb3lite_sram1rw, 
d_ff_rst_we_stall_clr_t: Zybo_Z7_top__GC0, 
logic__107: Zybo_Z7_top__GC0, 
reg__326: ahb3lite_sram1rw, 
reg__130: ahb3lite_sram1rw, 
reg__595: ahb3lite_sram1rw, 
muxpart__28: Zybo_Z7_top__GC0, 
logic__1606: ahb3lite_sram1rw, 
logic__1268: ahb3lite_sram1rw, 
reg__800: ahb3lite_sram1rw, 
logic__1730: ahb3lite_sram1rw, 
logic__436: ahb3lite_sram1rw, 
logic__594: ahb3lite_sram1rw, 
logic__527: ahb3lite_sram1rw, 
reg__1068: ahb3lite_sram1rw, 
logic__491: ahb3lite_sram1rw, 
reg__175: ahb3lite_sram1rw, 
muxpart__225: ahb3lite_sram1rw, 
reg__737: ahb3lite_sram1rw, 
muxpart__38: Zybo_Z7_top__GC0, 
logic__751: ahb3lite_sram1rw, 
logic__204: Zybo_Z7_top__GC0, 
logic__832: ahb3lite_sram1rw, 
reg__955: ahb3lite_sram1rw, 
logic__1590: ahb3lite_sram1rw, 
case__5: Zybo_Z7_top__GC0, 
logic__861: ahb3lite_sram1rw, 
reg__131: ahb3lite_sram1rw, 
logic__1653: ahb3lite_sram1rw, 
muxpart__279: ahb3lite_sram1rw, 
logic__340: ahb3lite_sram1rw, 
logic__136: Zybo_Z7_top__GC0, 
logic__1111: ahb3lite_sram1rw, 
reg__580: ahb3lite_sram1rw, 
logic__675: ahb3lite_sram1rw, 
logic__1693: ahb3lite_sram1rw, 
logic__1034: ahb3lite_sram1rw, 
reg__394: ahb3lite_sram1rw, 
logic__1486: ahb3lite_sram1rw, 
logic__608: ahb3lite_sram1rw, 
d_ff_rst_we_t: Zybo_Z7_top__GC0, 
logic__1237: ahb3lite_sram1rw, 
logic__1736: ahb3lite_sram1rw, 
logic__460: ahb3lite_sram1rw, 
logic__1728: ahb3lite_sram1rw, 
logic__904: ahb3lite_sram1rw, 
logic__1347: ahb3lite_sram1rw, 
datapath__16: Zybo_Z7_top__GC0, 
logic__277: Zybo_Z7_top__GC0, 
case__29: Zybo_Z7_top__GC0, 
reg__416: ahb3lite_sram1rw, 
reg__109: ahb3lite_sram1rw, 
logic__1288: ahb3lite_sram1rw, 
reg__18: Zybo_Z7_top__GC0, 
reg__140: ahb3lite_sram1rw, 
logic__179: Zybo_Z7_top__GC0, 
logic__1491: ahb3lite_sram1rw, 
reg__299: ahb3lite_sram1rw, 
logic__1001: ahb3lite_sram1rw, 
reg__281: ahb3lite_sram1rw, 
logic__534: ahb3lite_sram1rw, 
reg__766: ahb3lite_sram1rw, 
logic__1719: ahb3lite_sram1rw, 
case__24: Zybo_Z7_top__GC0, 
logic__1284: ahb3lite_sram1rw, 
logic__1060: ahb3lite_sram1rw, 
case__39: Zybo_Z7_top__GC0, 
reg__892: ahb3lite_sram1rw, 
logic__129: Zybo_Z7_top__GC0, 
reg__38: Zybo_Z7_top__GC0, 
reg__1086: Zybo_Z7_top__GC0, 
datapath__13: Zybo_Z7_top__GC0, 
logic__684: ahb3lite_sram1rw, 
logic__120: Zybo_Z7_top__GC0, 
reg__1056: ahb3lite_sram1rw, 
muxpart__113: ahb3lite_sram1rw, 
reg__1065: ahb3lite_sram1rw, 
logic__1123: ahb3lite_sram1rw, 
reg__60: ahb3lite_sram1rw, 
reg__957: ahb3lite_sram1rw, 
logic__114: Zybo_Z7_top__GC0, 
reg__276: ahb3lite_sram1rw, 
logic__234: Zybo_Z7_top__GC0, 
logic__1260: ahb3lite_sram1rw, 
reg__758: ahb3lite_sram1rw, 
muxpart__126: ahb3lite_sram1rw, 
logic__197: Zybo_Z7_top__GC0, 
reg__972: ahb3lite_sram1rw, 
logic__587: ahb3lite_sram1rw, 
muxpart__53: ahb3lite_sram1rw, 
logic__1832: ahb3lite_sram1rw, 
logic__1312: ahb3lite_sram1rw, 
reg__99: ahb3lite_sram1rw, 
logic__1141: ahb3lite_sram1rw, 
logic__1527: ahb3lite_sram1rw, 
logic__1082: ahb3lite_sram1rw, 
logic__495: ahb3lite_sram1rw, 
reg__244: ahb3lite_sram1rw, 
logic__1467: ahb3lite_sram1rw, 
logic__325: Zybo_Z7_top__GC0, 
logic__1250: ahb3lite_sram1rw, 
logic__1898: ahb3lite_sram1rw, 
logic__462: ahb3lite_sram1rw, 
reg__832: ahb3lite_sram1rw, 
case__26: Zybo_Z7_top__GC0, 
logic__1798: ahb3lite_sram1rw, 
reg__85: ahb3lite_sram1rw, 
logic__1585: ahb3lite_sram1rw, 
reg__557: ahb3lite_sram1rw, 
logic__1826: ahb3lite_sram1rw, 
logic__654: ahb3lite_sram1rw, 
logic__531: ahb3lite_sram1rw, 
reg__434: ahb3lite_sram1rw, 
reg__413: ahb3lite_sram1rw, 
muxpart__273: ahb3lite_sram1rw, 
logic__642: ahb3lite_sram1rw, 
logic__1864: ahb3lite_sram1rw, 
muxpart__117: ahb3lite_sram1rw, 
reg__353: ahb3lite_sram1rw, 
reg__35: Zybo_Z7_top__GC0, 
logic__1317: ahb3lite_sram1rw, 
reg__891: ahb3lite_sram1rw, 
reg__664: ahb3lite_sram1rw, 
logic__1776: ahb3lite_sram1rw, 
reg__508: ahb3lite_sram1rw, 
muxpart__222: ahb3lite_sram1rw, 
reg__145: ahb3lite_sram1rw, 
reg__771: ahb3lite_sram1rw, 
logic__564: ahb3lite_sram1rw, 
reg__320: ahb3lite_sram1rw, 
logic__1252: ahb3lite_sram1rw, 
logic__648: ahb3lite_sram1rw, 
logic__910: ahb3lite_sram1rw, 
reg__245: ahb3lite_sram1rw, 
logic__302: Zybo_Z7_top__GC0, 
logic__172: Zybo_Z7_top__GC0, 
logic__1292: ahb3lite_sram1rw, 
logic__330: Zybo_Z7_top__GC0, 
reg__458: ahb3lite_sram1rw, 
logic__382: ahb3lite_sram1rw, 
logic__809: ahb3lite_sram1rw, 
muxpart__192: ahb3lite_sram1rw, 
logic__530: ahb3lite_sram1rw, 
reg__708: ahb3lite_sram1rw, 
reg__327: ahb3lite_sram1rw, 
reg__147: ahb3lite_sram1rw, 
muxpart__296: ahb3lite_sram1rw, 
muxpart__75: ahb3lite_sram1rw, 
muxpart__254: ahb3lite_sram1rw, 
logic__1326: ahb3lite_sram1rw, 
case__13: Zybo_Z7_top__GC0, 
reg__876: ahb3lite_sram1rw, 
reg__293: ahb3lite_sram1rw, 
logic__1792: ahb3lite_sram1rw, 
logic__1858: ahb3lite_sram1rw, 
logic__1548: ahb3lite_sram1rw, 
reg__1006: ahb3lite_sram1rw, 
logic__1554: ahb3lite_sram1rw, 
reg__2: Zybo_Z7_top__GC0, 
reg__95: ahb3lite_sram1rw, 
reg__465: ahb3lite_sram1rw, 
reg__989: ahb3lite_sram1rw, 
logic__1310: ahb3lite_sram1rw, 
logic__255: Zybo_Z7_top__GC0, 
logic__1779: ahb3lite_sram1rw, 
muxpart__24: Zybo_Z7_top__GC0, 
logic__1628: ahb3lite_sram1rw, 
reg__959: ahb3lite_sram1rw, 
logic__1472: ahb3lite_sram1rw, 
reg__102: ahb3lite_sram1rw, 
logic__728: ahb3lite_sram1rw, 
reg__462: ahb3lite_sram1rw, 
reg__898: ahb3lite_sram1rw, 
ecen5593_startercode_ca_core_reset_t: Zybo_Z7_top__GC0, 
muxpart__265: ahb3lite_sram1rw, 
logic__1483: ahb3lite_sram1rw, 
reg__900: ahb3lite_sram1rw, 
logic__1077: ahb3lite_sram1rw, 
logic__1234: ahb3lite_sram1rw, 
reg__142: ahb3lite_sram1rw, 
logic__125: Zybo_Z7_top__GC0, 
logic__539: ahb3lite_sram1rw, 
logic__1480: ahb3lite_sram1rw, 
reg__232: ahb3lite_sram1rw, 
logic__1220: ahb3lite_sram1rw, 
logic__775: ahb3lite_sram1rw, 
logic__1556: ahb3lite_sram1rw, 
reg__824: ahb3lite_sram1rw, 
logic__484: ahb3lite_sram1rw, 
logic__598: ahb3lite_sram1rw, 
reg__954: ahb3lite_sram1rw, 
logic__1231: ahb3lite_sram1rw, 
logic__573: ahb3lite_sram1rw, 
muxpart__176: ahb3lite_sram1rw, 
reg__310: ahb3lite_sram1rw, 
reg__880: ahb3lite_sram1rw, 
muxpart__156: ahb3lite_sram1rw, 
reg__271: ahb3lite_sram1rw, 
reg__309: ahb3lite_sram1rw, 
logic__1454: ahb3lite_sram1rw, 
logic__474: ahb3lite_sram1rw, 
reg__939: ahb3lite_sram1rw, 
muxpart__166: ahb3lite_sram1rw, 
muxpart__133: ahb3lite_sram1rw, 
logic__1088: ahb3lite_sram1rw, 
logic__289: Zybo_Z7_top__GC0, 
logic__629: ahb3lite_sram1rw, 
logic__444: ahb3lite_sram1rw, 
reg__377: ahb3lite_sram1rw, 
reg__623: ahb3lite_sram1rw, 
reg__700: ahb3lite_sram1rw, 
reg__752: ahb3lite_sram1rw, 
logic__1027: ahb3lite_sram1rw, 
case__35: Zybo_Z7_top__GC0, 
logic__1293: ahb3lite_sram1rw, 
logic__706: ahb3lite_sram1rw, 
muxpart__30: Zybo_Z7_top__GC0, 
reg__658: ahb3lite_sram1rw, 
logic__1073: ahb3lite_sram1rw, 
logic__1239: ahb3lite_sram1rw, 
reg__92: ahb3lite_sram1rw, 
logic__1651: ahb3lite_sram1rw, 
logic__1677: ahb3lite_sram1rw, 
logic__895: ahb3lite_sram1rw, 
logic__1364: ahb3lite_sram1rw, 
muxpart__135: ahb3lite_sram1rw, 
logic__1052: ahb3lite_sram1rw, 
logic__334: ahb3lite_sram1rw, 
muxpart__154: ahb3lite_sram1rw, 
logic__886: ahb3lite_sram1rw, 
reg__702: ahb3lite_sram1rw, 
logic__346: ahb3lite_sram1rw, 
logic__377: ahb3lite_sram1rw, 
reg__378: ahb3lite_sram1rw, 
reg__1084: Zybo_Z7_top__GC0, 
reg__432: ahb3lite_sram1rw, 
logic__976: ahb3lite_sram1rw, 
logic__901: ahb3lite_sram1rw, 
logic__1316: ahb3lite_sram1rw, 
logic__1225: ahb3lite_sram1rw, 
reg__376: ahb3lite_sram1rw, 
case__21: Zybo_Z7_top__GC0, 
logic__1255: ahb3lite_sram1rw, 
logic__616: ahb3lite_sram1rw, 
datapath__15: Zybo_Z7_top__GC0, 
case__121: ahb3lite_sram1rw, 
logic__1669: ahb3lite_sram1rw, 
reg__630: ahb3lite_sram1rw, 
